Archive member included to satisfy reference by file (symbol)

c:/program files (x86)/atmel/studio/7.0/toolchain/arm/arm-gnu-toolchain/bin/../lib/gcc/arm-none-eabi/6.3.1/thumb/v6-m\libgcc.a(_udivsi3.o)
                              main.o (__aeabi_uidivmod)
c:/program files (x86)/atmel/studio/7.0/toolchain/arm/arm-gnu-toolchain/bin/../lib/gcc/arm-none-eabi/6.3.1/thumb/v6-m\libgcc.a(_divsi3.o)
                              PID.o (__aeabi_idiv)
c:/program files (x86)/atmel/studio/7.0/toolchain/arm/arm-gnu-toolchain/bin/../lib/gcc/arm-none-eabi/6.3.1/thumb/v6-m\libgcc.a(_dvmd_tls.o)
                              c:/program files (x86)/atmel/studio/7.0/toolchain/arm/arm-gnu-toolchain/bin/../lib/gcc/arm-none-eabi/6.3.1/thumb/v6-m\libgcc.a(_udivsi3.o) (__aeabi_idiv0)
c:/program files (x86)/atmel/studio/7.0/toolchain/arm/arm-gnu-toolchain/bin/../lib/gcc/arm-none-eabi/6.3.1/thumb/v6-m\libgcc.a(_arm_cmpsf2.o)
                              main.o (__aeabi_fcmple)
c:/program files (x86)/atmel/studio/7.0/toolchain/arm/arm-gnu-toolchain/bin/../lib/gcc/arm-none-eabi/6.3.1/thumb/v6-m\libgcc.a(addsf3.o)
                              main.o (__aeabi_fadd)
c:/program files (x86)/atmel/studio/7.0/toolchain/arm/arm-gnu-toolchain/bin/../lib/gcc/arm-none-eabi/6.3.1/thumb/v6-m\libgcc.a(divsf3.o)
                              PID.o (__aeabi_fdiv)
c:/program files (x86)/atmel/studio/7.0/toolchain/arm/arm-gnu-toolchain/bin/../lib/gcc/arm-none-eabi/6.3.1/thumb/v6-m\libgcc.a(eqsf2.o)
                              c:/program files (x86)/atmel/studio/7.0/toolchain/arm/arm-gnu-toolchain/bin/../lib/gcc/arm-none-eabi/6.3.1/thumb/v6-m\libgcc.a(_arm_cmpsf2.o) (__eqsf2)
c:/program files (x86)/atmel/studio/7.0/toolchain/arm/arm-gnu-toolchain/bin/../lib/gcc/arm-none-eabi/6.3.1/thumb/v6-m\libgcc.a(gesf2.o)
                              c:/program files (x86)/atmel/studio/7.0/toolchain/arm/arm-gnu-toolchain/bin/../lib/gcc/arm-none-eabi/6.3.1/thumb/v6-m\libgcc.a(_arm_cmpsf2.o) (__gesf2)
c:/program files (x86)/atmel/studio/7.0/toolchain/arm/arm-gnu-toolchain/bin/../lib/gcc/arm-none-eabi/6.3.1/thumb/v6-m\libgcc.a(lesf2.o)
                              c:/program files (x86)/atmel/studio/7.0/toolchain/arm/arm-gnu-toolchain/bin/../lib/gcc/arm-none-eabi/6.3.1/thumb/v6-m\libgcc.a(_arm_cmpsf2.o) (__lesf2)
c:/program files (x86)/atmel/studio/7.0/toolchain/arm/arm-gnu-toolchain/bin/../lib/gcc/arm-none-eabi/6.3.1/thumb/v6-m\libgcc.a(mulsf3.o)
                              main.o (__aeabi_fmul)
c:/program files (x86)/atmel/studio/7.0/toolchain/arm/arm-gnu-toolchain/bin/../lib/gcc/arm-none-eabi/6.3.1/thumb/v6-m\libgcc.a(subsf3.o)
                              main.o (__aeabi_fsub)
c:/program files (x86)/atmel/studio/7.0/toolchain/arm/arm-gnu-toolchain/bin/../lib/gcc/arm-none-eabi/6.3.1/thumb/v6-m\libgcc.a(fixsfsi.o)
                              PID.o (__aeabi_f2iz)
c:/program files (x86)/atmel/studio/7.0/toolchain/arm/arm-gnu-toolchain/bin/../lib/gcc/arm-none-eabi/6.3.1/thumb/v6-m\libgcc.a(floatsisf.o)
                              main.o (__aeabi_i2f)
c:/program files (x86)/atmel/studio/7.0/toolchain/arm/arm-gnu-toolchain/bin/../lib/gcc/arm-none-eabi/6.3.1/thumb/v6-m\libgcc.a(extendsfdf2.o)
                              main.o (__aeabi_f2d)
c:/program files (x86)/atmel/studio/7.0/toolchain/arm/arm-gnu-toolchain/bin/../lib/gcc/arm-none-eabi/6.3.1/thumb/v6-m\libgcc.a(_clzsi2.o)
                              c:/program files (x86)/atmel/studio/7.0/toolchain/arm/arm-gnu-toolchain/bin/../lib/gcc/arm-none-eabi/6.3.1/thumb/v6-m\libgcc.a(addsf3.o) (__clzsi2)
c:/program files (x86)/atmel/studio/7.0/toolchain/arm/arm-gnu-toolchain/bin/../lib/gcc/arm-none-eabi/6.3.1/../../../../arm-none-eabi/lib/thumb/v6-m\libc.a(lib_a-exit.o)
                              c:/program files (x86)/atmel/studio/7.0/toolchain/arm/arm-gnu-toolchain/bin/../lib/gcc/arm-none-eabi/6.3.1/../../../../arm-none-eabi/lib/thumb/v6-m/crt0.o (exit)
c:/program files (x86)/atmel/studio/7.0/toolchain/arm/arm-gnu-toolchain/bin/../lib/gcc/arm-none-eabi/6.3.1/../../../../arm-none-eabi/lib/thumb/v6-m\libc.a(lib_a-impure.o)
                              c:/program files (x86)/atmel/studio/7.0/toolchain/arm/arm-gnu-toolchain/bin/../lib/gcc/arm-none-eabi/6.3.1/../../../../arm-none-eabi/lib/thumb/v6-m\libc.a(lib_a-exit.o) (_global_impure_ptr)
c:/program files (x86)/atmel/studio/7.0/toolchain/arm/arm-gnu-toolchain/bin/../lib/gcc/arm-none-eabi/6.3.1/../../../../arm-none-eabi/lib/thumb/v6-m\libc.a(lib_a-init.o)
                              c:/program files (x86)/atmel/studio/7.0/toolchain/arm/arm-gnu-toolchain/bin/../lib/gcc/arm-none-eabi/6.3.1/../../../../arm-none-eabi/lib/thumb/v6-m/crt0.o (__libc_init_array)
c:/program files (x86)/atmel/studio/7.0/toolchain/arm/arm-gnu-toolchain/bin/../lib/gcc/arm-none-eabi/6.3.1/../../../../arm-none-eabi/lib/thumb/v6-m\libc.a(lib_a-memset.o)
[...]
Memory Configuration

Name             Origin             Length             Attributes
rom              0x00000000         0x00040000         xr
ram              0x20000000         0x00008000         xrw
*default*        0x00000000         0xffffffff

Linker script and memory map

LOAD c:/program files (x86)/atmel/studio/7.0/toolchain/arm/arm-gnu-toolchain/bin/../lib/gcc/arm-none-eabi/6.3.1/thumb/v6-m/crti.o
LOAD c:/program files (x86)/atmel/studio/7.0/toolchain/arm/arm-gnu-toolchain/bin/../lib/gcc/arm-none-eabi/6.3.1/thumb/v6-m/crtbegin.o
LOAD c:/program files (x86)/atmel/studio/7.0/toolchain/arm/arm-gnu-toolchain/bin/../lib/gcc/arm-none-eabi/6.3.1/../../../../arm-none-eabi/lib/thumb/v6-m/crt0.o
LOAD Device_Startup/startup_samc21.o
LOAD Device_Startup/system_samc21.o
LOAD I2C.o
LOAD LCD.o
LOAD main.o
LOAD PID.o
LOAD RTC2.o
LOAD SPI.o
LOAD syscalls.o
START GROUP
END GROUP
LOAD c:/program files (x86)/atmel/studio/7.0/toolchain/arm/arm-gnu-toolchain/bin/../lib/gcc/arm-none-eabi/6.3.1/../../../../arm-none-eabi/lib/thumb/v6-m\libstdc++.a
LOAD c:/program files (x86)/atmel/studio/7.0/toolchain/arm/arm-gnu-toolchain/bin/../lib/gcc/arm-none-eabi/6.3.1/../../../../arm-none-eabi/lib/thumb/v6-m\libm.a
START GROUP
LOAD c:/program files (x86)/atmel/studio/7.0/toolchain/arm/arm-gnu-toolchain/bin/../lib/gcc/arm-none-eabi/6.3.1/thumb/v6-m\libgcc.a
LOAD c:/program files (x86)/atmel/studio/7.0/toolchain/arm/arm-gnu-toolchain/bin/../lib/gcc/arm-none-eabi/6.3.1/../../../../arm-none-eabi/lib/thumb/v6-m\libc.a
END GROUP
LOAD c:/program files (x86)/atmel/studio/7.0/toolchain/arm/arm-gnu-toolchain/bin/../lib/gcc/arm-none-eabi/6.3.1/thumb/v6-m/crtend.o
LOAD c:/program files (x86)/atmel/studio/7.0/toolchain/arm/arm-gnu-toolchain/bin/../lib/gcc/arm-none-eabi/6.3.1/thumb/v6-m/crtn.o
                0x00002000                STACK_SIZE = DEFINED (STACK_SIZE)?STACK_SIZE:DEFINED (__stack_size__)?__stack_size__:0x2000

.text           0x00000000     0x93ac
                0x00000000                . = ALIGN (0x4)
                0x00000000                _sfixed = .
 *(.vectors .vectors.*)
 .vectors       0x00000000       0xbc Device_Startup/startup_samc21.o
                0x00000000                exception_table
 *(.text .text.* .gnu.linkonce.t.*)
 .text          0x000000bc       0x60 c:/program files (x86)/atmel/studio/7.0/toolchain/arm/arm-gnu-toolchain/bin/../lib/gcc/arm-none-eabi/6.3.1/thumb/v6-m/crtbegin.o
 .text.Dummy_Handler
                0x0000011c       0x14 Device_Startup/startup_samc21.o
                0x0000011c                DMAC_Handler
                0x0000011c                HardFault_Handler
                0x0000011c                TC2_Handler
                0x0000011c                AC_Handler
                0x0000011c                SysTick_Handler
                0x0000011c                PendSV_Handler
                0x0000011c                NMI_Handler
                0x0000011c                SERCOM1_Handler
                0x0000011c                SERCOM2_Handler
                0x0000011c                ADC1_Handler
                0x0000011c                WDT_Handler
                0x0000011c                CAN0_Handler
                0x0000011c                TC4_Handler
                0x0000011c                TC1_Handler
                0x0000011c                TC3_Handler
                0x0000011c                SDADC_Handler
                0x0000011c                Dummy_Handler
                0x0000011c                SERCOM5_Handler
                0x0000011c                CAN1_Handler
                0x0000011c                ADC0_Handler
                0x0000011c                TSENS_Handler
                0x0000011c                SVC_Handler
                0x0000011c                EVSYS_Handler
                0x0000011c                SERCOM3_Handler
                0x0000011c                SERCOM4_Handler
                0x0000011c                NVMCTRL_Handler
                0x0000011c                SYSTEM_Handler
                0x0000011c                SERCOM0_Handler
                0x0000011c                DAC_Handler
                0x0000011c                PTC_Handler
                0x0000011c                FREQM_Handler
 .text.Reset_Handler
                0x00000130       0x88 Device_Startup/startup_samc21.o
                0x00000130                Reset_Handler
 .text.SystemInit
                0x000001b8       0x10 Device_Startup/system_samc21.o
                0x000001b8                SystemInit
 .text._Z8init_i2cv
                0x000001c8       0xc0 I2C.o
                0x000001c8                init_i2c()
 .text._Z11sendCommandh
                0x00000288       0x40 LCD.o
                0x00000288                sendCommand(unsigned char)
 .text._Z17sendCommand_arrayPhhh
                0x000002c8       0x54 LCD.o
                0x000002c8                sendCommand_array(unsigned char*, unsigned char, unsigned char)
 .text._Z10lcd_clrscrv
                0x0000031c       0x54 LCD.o
                0x0000031c                lcd_clrscr()
 .text._Z10lcd_gotoxyhh
                0x00000370       0x58 LCD.o
                0x00000370                lcd_gotoxy(unsigned char, unsigned char)
 .text._Z8init_LCDv
                0x000003c8       0x7c LCD.o
                0x000003c8                init_LCD()
 .text._Z8lcd_putcc
                0x00000444      0x178 LCD.o
                0x00000444                lcd_putc(char)
 .text._Z15lcd_putc_invertc
                0x000005bc      0x190 LCD.o
                0x000005bc                lcd_putc_invert(char)
 .text._Z8lcd_putsPKc
                0x0000074c       0x1c LCD.o
                0x0000074c                lcd_puts(char const*)
 .text._Z15lcd_puts_invertPKc
                0x00000768       0x1c LCD.o
                0x00000768                lcd_puts_invert(char const*)
 .text.RTC_Handler
                0x00000784       0x88 main.o
                0x00000784                RTC_Handler
 .text.TCC0_Handler
                0x0000080c      0x12c main.o
                0x0000080c                TCC0_Handler
 .text.TCC2_Handler
                0x00000938       0x2c main.o
                0x00000938                TCC2_Handler
 .text.EIC_Handler
                0x00000964       0x28 main.o
                0x00000964                EIC_Handler
 .text.TC0_Handler
                0x0000098c       0x5c main.o
                0x0000098c                TC0_Handler
 .text._Z10setupTimerv
                0x000009e8      0x120 main.o
                0x000009e8                setupTimer()
 .text.TCC1_Handler
                0x00000b08      0x11c main.o
                0x00000b08                TCC1_Handler
 .text._Z14setupInput_TC0v
                0x00000c24       0x94 main.o
                0x00000c24                setupInput_TC0()
 .text._Z14setupTimer_TC0v
                0x00000cb8      0x114 main.o
                0x00000cb8                setupTimer_TC0()
 .text._Z11encode_initv
                0x00000dcc       0x2c main.o
                0x00000dcc                encode_init()
 .text._Z12encode_read4v
                0x00000df8       0x1c main.o
                0x00000df8                encode_read4()
 .text._Z13get_key_pressm
                0x00000e14       0x14 main.o
                0x00000e14                get_key_press(unsigned long)
 .text._Z13get_key_shortm
                0x00000e28       0x18 main.o
                0x00000e28                get_key_short(unsigned long)
 .text.main     0x00000e40      0x890 main.o
                0x00000e40                main
 .text._Z16PID_calculationsP14PID_parametersPfS1_Ptbb
                0x000016d0      0x108 PID.o
                0x000016d0                PID_calculations(PID_parameters*, float*, float*, unsigned short*, bool, bool)
 .text._Z8rtc_initv
                0x000017d8       0x80 RTC2.o
                0x000017d8                rtc_init()
 .text._Z8init_SPIv
                0x00001858      0x150 SPI.o
                0x00001858                init_SPI()
 .text._Z8RTD_Initv
                0x000019a8       0x50 SPI.o
                0x000019a8                RTD_Init()
 .text._sbrk    0x000019f8       0x24 syscalls.o
                0x000019f8                _sbrk
 .text          0x00001a1c      0x114 c:/program files (x86)/atmel/studio/7.0/toolchain/arm/arm-gnu-toolchain/bin/../lib/gcc/arm-none-eabi/6.3.1/thumb/v6-m\libgcc.a(_udivsi3.o)
                0x00001a1c                __aeabi_uidiv
                0x00001a1c                __udivsi3
                0x00001b28                __aeabi_uidivmod
 .text          0x00001b30      0x1d4 c:/program files (x86)/atmel/studio/7.0/toolchain/arm/arm-gnu-toolchain/bin/../lib/gcc/arm-none-eabi/6.3.1/thumb/v6-m\libgcc.a(_divsi3.o)
                0x00001b30                __divsi3
                0x00001b30                __aeabi_idiv
                0x00001cfc                __aeabi_idivmod
 .text          0x00001d04        0x4 c:/program files (x86)/atmel/studio/7.0/toolchain/arm/arm-gnu-toolchain/bin/../lib/gcc/arm-none-eabi/6.3.1/thumb/v6-m\libgcc.a(_dvmd_tls.o)
                0x00001d04                __aeabi_idiv0
                0x00001d04                __aeabi_ldiv0
 .text          0x00001d08       0x74 c:/program files (x86)/atmel/studio/7.0/toolchain/arm/arm-gnu-toolchain/bin/../lib/gcc/arm-none-eabi/6.3.1/thumb/v6-m\libgcc.a(_arm_cmpsf2.o)
                0x00001d08                __aeabi_cfrcmple
                0x00001d10                __aeabi_cfcmpeq
                0x00001d10                __aeabi_cfcmple
                0x00001d20                __aeabi_fcmpeq
                0x00001d2c                __aeabi_fcmplt
                0x00001d40                __aeabi_fcmple
                0x00001d54                __aeabi_fcmpgt
                0x00001d68                __aeabi_fcmpge
 .text          0x00001d7c      0x324 c:/program files (x86)/atmel/studio/7.0/toolchain/arm/arm-gnu-toolchain/bin/../lib/gcc/arm-none-eabi/6.3.1/thumb/v6-m\libgcc.a(addsf3.o)
                0x00001d7c                __aeabi_fadd
 .text          0x000020a0      0x290 c:/program files (x86)/atmel/studio/7.0/toolchain/arm/arm-gnu-toolchain/bin/../lib/gcc/arm-none-eabi/6.3.1/thumb/v6-m\libgcc.a(divsf3.o)
                0x000020a0                __aeabi_fdiv
 .text          0x00002330       0x4c c:/program files (x86)/atmel/studio/7.0/toolchain/arm/arm-gnu-toolchain/bin/../lib/gcc/arm-none-eabi/6.3.1/thumb/v6-m\libgcc.a(eqsf2.o)
                0x00002330                __eqsf2
                0x00002330                __nesf2
 .text          0x0000237c       0x80 c:/program files (x86)/atmel/studio/7.0/toolchain/arm/arm-gnu-toolchain/bin/../lib/gcc/arm-none-eabi/6.3.1/thumb/v6-m\libgcc.a(gesf2.o)
                0x0000237c                __gesf2
                0x0000237c                __gtsf2
 .text          0x000023fc       0x84 c:/program files (x86)/atmel/studio/7.0/toolchain/arm/arm-gnu-toolchain/bin/../lib/gcc/arm-none-eabi/6.3.1/thumb/v6-m\libgcc.a(lesf2.o)
                0x000023fc                __ltsf2
                0x000023fc                __lesf2
 .text          0x00002480      0x240 c:/program files (x86)/atmel/studio/7.0/toolchain/arm/arm-gnu-toolchain/bin/../lib/gcc/arm-none-eabi/6.3.1/thumb/v6-m\libgcc.a(mulsf3.o)
                0x00002480                __aeabi_fmul
 .text          0x000026c0      0x338 c:/program files (x86)/atmel/studio/7.0/toolchain/arm/arm-gnu-toolchain/bin/../lib/gcc/arm-none-eabi/6.3.1/thumb/v6-m\libgcc.a(subsf3.o)
                0x000026c0                __aeabi_fsub
 .text          0x000029f8       0x40 c:/program files (x86)/atmel/studio/7.0/toolchain/arm/arm-gnu-toolchain/bin/../lib/gcc/arm-none-eabi/6.3.1/thumb/v6-m\libgcc.a(fixsfsi.o)
                0x000029f8                __aeabi_f2iz
 .text          0x00002a38       0xa0 c:/program files (x86)/atmel/studio/7.0/toolchain/arm/arm-gnu-toolchain/bin/../lib/gcc/arm-none-eabi/6.3.1/thumb/v6-m\libgcc.a(floatsisf.o)
                0x00002a38                __aeabi_i2f
 .text          0x00002ad8       0xa4 c:/program files (x86)/atmel/studio/7.0/toolchain/arm/arm-gnu-toolchain/bin/../lib/gcc/arm-none-eabi/6.3.1/thumb/v6-m\libgcc.a(extendsfdf2.o)
                0x00002ad8                __aeabi_f2d
 .text          0x00002b7c       0x3c c:/program files (x86)/atmel/studio/7.0/toolchain/arm/arm-gnu-toolchain/bin/../lib/gcc/arm-none-eabi/6.3.1/thumb/v6-m\libgcc.a(_clzsi2.o)
                0x00002b7c                __clzsi2
 .text.__libc_init_array
                0x00002bb8       0x48 c:/program files (x86)/atmel/studio/7.0/toolchain/arm/arm-gnu-toolchain/bin/../lib/gcc/arm-none-eabi/6.3.1/../../../../arm-none-eabi/lib/thumb/v6-m\libc.a(lib_a-init.o)
                0x00002bb8                __libc_init_array
 .text.memset   0x00002c00       0x94 c:/program files (x86)/atmel/studio/7.0/toolchain/arm/arm-gnu-toolchain/bin/../lib/gcc/arm-none-eabi/6.3.1/../../../../arm-none-eabi/lib/thumb/v6-m\libc.a(lib_a-memset.o)
                0x00002c00                memset
 .text.sprintf  0x00002c94       0x44 c:/program files (x86)/atmel/studio/7.0/toolchain/arm/arm-gnu-toolchain/bin/../lib/gcc/arm-none-eabi/6.3.1/../../../../arm-none-eabi/lib/thumb/v6-m\libc.a(lib_a-sprintf.o)
                0x00002c94                sprintf
 .text._svfprintf_r
                0x00002cd8     0x1608 c:/program files (x86)/atmel/studio/7.0/toolchain/arm/arm-gnu-toolchain/bin/../lib/gcc/arm-none-eabi/6.3.1/../../../../arm-none-eabi/lib/thumb/v6-m\libc.a(lib_a-svfprintf.o)
                0x00002cd8                _svfprintf_r
 .text.__utoa   0x000042e0       0x8c c:/program files (x86)/atmel/studio/7.0/toolchain/arm/arm-gnu-toolchain/bin/../lib/gcc/arm-none-eabi/6.3.1/../../../../arm-none-eabi/lib/thumb/v6-m\libc.a(lib_a-utoa.o)
                0x000042e0                __utoa
 .text.utoa     0x0000436c        0x8 c:/program files (x86)/atmel/studio/7.0/toolchain/arm/arm-gnu-toolchain/bin/../lib/gcc/arm-none-eabi/6.3.1/../../../../arm-none-eabi/lib/thumb/v6-m\libc.a(lib_a-utoa.o)
                0x0000436c                utoa
 .text.startup.register_fini
                0x00004374       0x18 c:/program files (x86)/atmel/studio/7.0/toolchain/arm/arm-gnu-toolchain/bin/../lib/gcc/arm-none-eabi/6.3.1/../../../../arm-none-eabi/lib/thumb/v6-m\libc.a(lib_a-__call_atexit.o)
 .text.atexit   0x0000438c       0x10 c:/program files (x86)/atmel/studio/7.0/toolchain/arm/arm-gnu-toolchain/bin/../lib/gcc/arm-none-eabi/6.3.1/../../../../arm-none-eabi/lib/thumb/v6-m\libc.a(lib_a-atexit.o)
                0x0000438c                atexit
 .text.quorem   0x0000439c      0x154 c:/program files (x86)/atmel/studio/7.0/toolchain/arm/arm-gnu-toolchain/bin/../lib/gcc/arm-none-eabi/6.3.1/../../../../arm-none-eabi/lib/thumb/v6-m\libc.a(lib_a-dtoa.o)
 .text._dtoa_r  0x000044f0      0xf88 c:/program files (x86)/atmel/studio/7.0/toolchain/arm/arm-gnu-toolchain/bin/../lib/gcc/arm-none-eabi/6.3.1/../../../../arm-none-eabi/lib/thumb/v6-m\libc.a(lib_a-dtoa.o)
                0x000044f0                _dtoa_r
 .text.__libc_fini_array
                0x00005478       0x34 c:/program files (x86)/atmel/studio/7.0/toolchain/arm/arm-gnu-toolchain/bin/../lib/gcc/arm-none-eabi/6.3.1/../../../../arm-none-eabi/lib/thumb/v6-m\libc.a(lib_a-fini.o)
                0x00005478                __libc_fini_array
 .text._localeconv_r
                0x000054ac       0x1c c:/program files (x86)/atmel/studio/7.0/toolchain/arm/arm-gnu-toolchain/bin/../lib/gcc/arm-none-eabi/6.3.1/../../../../arm-none-eabi/lib/thumb/v6-m\libc.a(lib_a-localeconv.o)
                0x000054ac                _localeconv_r
 .text.__retarget_lock_acquire_recursive
                0x000054c8        0x4 c:/program files (x86)/atmel/studio/7.0/toolchain/arm/arm-gnu-toolchain/bin/../lib/gcc/arm-none-eabi/6.3.1/../../../../arm-none-eabi/lib/thumb/v6-m\libc.a(lib_a-lock.o)
                0x000054c8                __retarget_lock_acquire_recursive
 .text.__retarget_lock_release_recursive
                0x000054cc        0x4 c:/program files (x86)/atmel/studio/7.0/toolchain/arm/arm-gnu-toolchain/bin/../lib/gcc/arm-none-eabi/6.3.1/../../../../arm-none-eabi/lib/thumb/v6-m\libc.a(lib_a-lock.o)
                0x000054cc                __retarget_lock_release_recursive
 .text._malloc_r
                0x000054d0      0x568 c:/program files (x86)/atmel/studio/7.0/toolchain/arm/arm-gnu-toolchain/bin/../lib/gcc/arm-none-eabi/6.3.1/../../../../arm-none-eabi/lib/thumb/v6-m\libc.a(lib_a-mallocr.o)
                0x000054d0                _malloc_r
 .text.memchr   0x00005a38       0x80 c:/program files (x86)/atmel/studio/7.0/toolchain/arm/arm-gnu-toolchain/bin/../lib/gcc/arm-none-eabi/6.3.1/../../../../arm-none-eabi/lib/thumb/v6-m\libc.a(lib_a-memchr-stub.o)
                0x00005a38                memchr
 .text.memcpy   0x00005ab8       0x84 c:/program files (x86)/atmel/studio/7.0/toolchain/arm/arm-gnu-toolchain/bin/../lib/gcc/arm-none-eabi/6.3.1/../../../../arm-none-eabi/lib/thumb/v6-m\libc.a(lib_a-memcpy-stub.o)
                0x00005ab8                memcpy
 .text.__malloc_lock
                0x00005b3c       0x10 c:/program files (x86)/atmel/studio/7.0/toolchain/arm/arm-gnu-toolchain/bin/../lib/gcc/arm-none-eabi/6.3.1/../../../../arm-none-eabi/lib/thumb/v6-m\libc.a(lib_a-mlock.o)
                0x00005b3c                __malloc_lock
 .text.__malloc_unlock
                0x00005b4c       0x10 c:/program files (x86)/atmel/studio/7.0/toolchain/arm/arm-gnu-toolchain/bin/../lib/gcc/arm-none-eabi/6.3.1/../../../../arm-none-eabi/lib/thumb/v6-m\libc.a(lib_a-mlock.o)
                0x00005b4c                __malloc_unlock
 .text._Balloc  0x00005b5c       0x50 c:/program files (x86)/atmel/studio/7.0/toolchain/arm/arm-gnu-toolchain/bin/../lib/gcc/arm-none-eabi/6.3.1/../../../../arm-none-eabi/lib/thumb/v6-m\libc.a(lib_a-mprec.o)
                0x00005b5c                _Balloc
 .text._Bfree   0x00005bac       0x14 c:/program files (x86)/atmel/studio/7.0/toolchain/arm/arm-gnu-toolchain/bin/../lib/gcc/arm-none-eabi/6.3.1/../../../../arm-none-eabi/lib/thumb/v6-m\libc.a(lib_a-mprec.o)
                0x00005bac                _Bfree
 .text.__multadd
                0x00005bc0       0x8c c:/program files (x86)/atmel/studio/7.0/toolchain/arm/arm-gnu-toolchain/bin/../lib/gcc/arm-none-eabi/6.3.1/../../../../arm-none-eabi/lib/thumb/v6-m\libc.a(lib_a-mprec.o)
                0x00005bc0                __multadd
 .text.__hi0bits
                0x00005c4c       0x34 c:/program files (x86)/atmel/studio/7.0/toolchain/arm/arm-gnu-toolchain/bin/../lib/gcc/arm-none-eabi/6.3.1/../../../../arm-none-eabi/lib/thumb/v6-m\libc.a(lib_a-mprec.o)
                0x00005c4c                __hi0bits
 .text.__lo0bits
                0x00005c80       0x5c c:/program files (x86)/atmel/studio/7.0/toolchain/arm/arm-gnu-toolchain/bin/../lib/gcc/arm-none-eabi/6.3.1/../../../../arm-none-eabi/lib/thumb/v6-m\libc.a(lib_a-mprec.o)
                0x00005c80                __lo0bits
 .text.__i2b    0x00005cdc       0x14 c:/program files (x86)/atmel/studio/7.0/toolchain/arm/arm-gnu-toolchain/bin/../lib/gcc/arm-none-eabi/6.3.1/../../../../arm-none-eabi/lib/thumb/v6-m\libc.a(lib_a-mprec.o)
                0x00005cdc                __i2b
 .text.__multiply
                0x00005cf0      0x154 c:/program files (x86)/atmel/studio/7.0/toolchain/arm/arm-gnu-toolchain/bin/../lib/gcc/arm-none-eabi/6.3.1/../../../../arm-none-eabi/lib/thumb/v6-m\libc.a(lib_a-mprec.o)
                0x00005cf0                __multiply
 .text.__pow5mult
                0x00005e44       0xc0 c:/program files (x86)/atmel/studio/7.0/toolchain/arm/arm-gnu-toolchain/bin/../lib/gcc/arm-none-eabi/6.3.1/../../../../arm-none-eabi/lib/thumb/v6-m\libc.a(lib_a-mprec.o)
                0x00005e44                __pow5mult
 .text.__lshift
                0x00005f04       0xc0 c:/program files (x86)/atmel/studio/7.0/toolchain/arm/arm-gnu-toolchain/bin/../lib/gcc/arm-none-eabi/6.3.1/../../../../arm-none-eabi/lib/thumb/v6-m\libc.a(lib_a-mprec.o)
                0x00005f04                __lshift
 .text.__mcmp   0x00005fc4       0x34 c:/program files (x86)/atmel/studio/7.0/toolchain/arm/arm-gnu-toolchain/bin/../lib/gcc/arm-none-eabi/6.3.1/../../../../arm-none-eabi/lib/thumb/v6-m\libc.a(lib_a-mprec.o)
                0x00005fc4                __mcmp
 .text.__mdiff  0x00005ff8      0x138 c:/program files (x86)/atmel/studio/7.0/toolchain/arm/arm-gnu-toolchain/bin/../lib/gcc/arm-none-eabi/6.3.1/../../../../arm-none-eabi/lib/thumb/v6-m\libc.a(lib_a-mprec.o)
                0x00005ff8                __mdiff
 .text.__d2b    0x00006130       0xbc c:/program files (x86)/atmel/studio/7.0/toolchain/arm/arm-gnu-toolchain/bin/../lib/gcc/arm-none-eabi/6.3.1/../../../../arm-none-eabi/lib/thumb/v6-m\libc.a(lib_a-mprec.o)
                0x00006130                __d2b
 .text._sbrk_r  0x000061ec       0x24 c:/program files (x86)/atmel/studio/7.0/toolchain/arm/arm-gnu-toolchain/bin/../lib/gcc/arm-none-eabi/6.3.1/../../../../arm-none-eabi/lib/thumb/v6-m\libc.a(lib_a-sbrkr.o)
                0x000061ec                _sbrk_r
 .text.strlen   0x00006210       0x64 c:/program files (x86)/atmel/studio/7.0/toolchain/arm/arm-gnu-toolchain/bin/../lib/gcc/arm-none-eabi/6.3.1/../../../../arm-none-eabi/lib/thumb/v6-m\libc.a(lib_a-strlen-stub.o)
                0x00006210                strlen
 .text.__ssprint_r
                0x00006274      0x120 c:/program files (x86)/atmel/studio/7.0/toolchain/arm/arm-gnu-toolchain/bin/../lib/gcc/arm-none-eabi/6.3.1/../../../../arm-none-eabi/lib/thumb/v6-m\libc.a(lib_a-svfiprintf.o)
                0x00006274                __ssprint_r
 .text.__register_exitproc
                0x00006394       0xf4 c:/program files (x86)/atmel/studio/7.0/toolchain/arm/arm-gnu-toolchain/bin/../lib/gcc/arm-none-eabi/6.3.1/../../../../arm-none-eabi/lib/thumb/v6-m\libc.a(lib_a-__atexit.o)
                0x00006394                __register_exitproc
 .text._calloc_r
                0x00006488       0x58 c:/program files (x86)/atmel/studio/7.0/toolchain/arm/arm-gnu-toolchain/bin/../lib/gcc/arm-none-eabi/6.3.1/../../../../arm-none-eabi/lib/thumb/v6-m\libc.a(lib_a-callocr.o)
                0x00006488                _calloc_r
 .text._malloc_trim_r
                0x000064e0       0xa0 c:/program files (x86)/atmel/studio/7.0/toolchain/arm/arm-gnu-toolchain/bin/../lib/gcc/arm-none-eabi/6.3.1/../../../../arm-none-eabi/lib/thumb/v6-m\libc.a(lib_a-freer.o)
                0x000064e0                _malloc_trim_r
 .text._free_r  0x00006580      0x1bc c:/program files (x86)/atmel/studio/7.0/toolchain/arm/arm-gnu-toolchain/bin/../lib/gcc/arm-none-eabi/6.3.1/../../../../arm-none-eabi/lib/thumb/v6-m\libc.a(lib_a-freer.o)
                0x00006580                _free_r
 .text.__ascii_mbtowc
                0x0000673c       0x2c c:/program files (x86)/atmel/studio/7.0/toolchain/arm/arm-gnu-toolchain/bin/../lib/gcc/arm-none-eabi/6.3.1/../../../../arm-none-eabi/lib/thumb/v6-m\libc.a(lib_a-mbtowc_r.o)
                0x0000673c                __ascii_mbtowc
 .text.memmove  0x00006768       0xa0 c:/program files (x86)/atmel/studio/7.0/toolchain/arm/arm-gnu-toolchain/bin/../lib/gcc/arm-none-eabi/6.3.1/../../../../arm-none-eabi/lib/thumb/v6-m\libc.a(lib_a-memmove.o)
                0x00006768                memmove
 .text._realloc_r
                0x00006808      0x37c c:/program files (x86)/atmel/studio/7.0/toolchain/arm/arm-gnu-toolchain/bin/../lib/gcc/arm-none-eabi/6.3.1/../../../../arm-none-eabi/lib/thumb/v6-m\libc.a(lib_a-reallocr.o)
                0x00006808                _realloc_r
 .text.__ascii_wctomb
                0x00006b84       0x1c c:/program files (x86)/atmel/studio/7.0/toolchain/arm/arm-gnu-toolchain/bin/../lib/gcc/arm-none-eabi/6.3.1/../../../../arm-none-eabi/lib/thumb/v6-m\libc.a(lib_a-wctomb_r.o)
                0x00006b84                __ascii_wctomb
 .text          0x00006ba0       0x7c c:/program files (x86)/atmel/studio/7.0/toolchain/arm/arm-gnu-toolchain/bin/../lib/gcc/arm-none-eabi/6.3.1/thumb/v6-m\libgcc.a(_arm_cmpdf2.o)
                0x00006ba0                __aeabi_cdrcmple
                0x00006bb0                __aeabi_cdcmple
                0x00006bb0                __aeabi_cdcmpeq
                0x00006bc0                __aeabi_dcmpeq
                0x00006bcc                __aeabi_dcmplt
                0x00006be0                __aeabi_dcmple
                0x00006bf4                __aeabi_dcmpgt
                0x00006c08                __aeabi_dcmpge
 .text          0x00006c1c       0x40 c:/program files (x86)/atmel/studio/7.0/toolchain/arm/arm-gnu-toolchain/bin/../lib/gcc/arm-none-eabi/6.3.1/thumb/v6-m\libgcc.a(_aeabi_uldivmod.o)
                0x00006c1c                __aeabi_uldivmod
 .text          0x00006c5c      0x180 c:/program files (x86)/atmel/studio/7.0/toolchain/arm/arm-gnu-toolchain/bin/../lib/gcc/arm-none-eabi/6.3.1/thumb/v6-m\libgcc.a(_udivmoddi4.o)
                0x00006c5c                __udivmoddi4
 .text          0x00006ddc      0x620 c:/program files (x86)/atmel/studio/7.0/toolchain/arm/arm-gnu-toolchain/bin/../lib/gcc/arm-none-eabi/6.3.1/thumb/v6-m\libgcc.a(adddf3.o)
                0x00006ddc                __aeabi_dadd
 .text          0x000073fc      0x668 c:/program files (x86)/atmel/studio/7.0/toolchain/arm/arm-gnu-toolchain/bin/../lib/gcc/arm-none-eabi/6.3.1/thumb/v6-m\libgcc.a(divdf3.o)
                0x000073fc                __aeabi_ddiv
 .text          0x00007a64       0x74 c:/program files (x86)/atmel/studio/7.0/toolchain/arm/arm-gnu-toolchain/bin/../lib/gcc/arm-none-eabi/6.3.1/thumb/v6-m\libgcc.a(eqdf2.o)
                0x00007a64                __nedf2
                0x00007a64                __eqdf2
 .text          0x00007ad8       0xc8 c:/program files (x86)/atmel/studio/7.0/toolchain/arm/arm-gnu-toolchain/bin/../lib/gcc/arm-none-eabi/6.3.1/thumb/v6-m\libgcc.a(gedf2.o)
                0x00007ad8                __gedf2
                0x00007ad8                __gtdf2
 .text          0x00007ba0       0xc4 c:/program files (x86)/atmel/studio/7.0/toolchain/arm/arm-gnu-toolchain/bin/../lib/gcc/arm-none-eabi/6.3.1/thumb/v6-m\libgcc.a(ledf2.o)
                0x00007ba0                __ledf2
                0x00007ba0                __ltdf2
 .text          0x00007c64      0x500 c:/program files (x86)/atmel/studio/7.0/toolchain/arm/arm-gnu-toolchain/bin/../lib/gcc/arm-none-eabi/6.3.1/thumb/v6-m\libgcc.a(muldf3.o)
                0x00007c64                __aeabi_dmul
 .text          0x00008164      0x62c c:/program files (x86)/atmel/studio/7.0/toolchain/arm/arm-gnu-toolchain/bin/../lib/gcc/arm-none-eabi/6.3.1/thumb/v6-m\libgcc.a(subdf3.o)
                0x00008164                __aeabi_dsub
 .text          0x00008790       0x40 c:/program files (x86)/atmel/studio/7.0/toolchain/arm/arm-gnu-toolchain/bin/../lib/gcc/arm-none-eabi/6.3.1/thumb/v6-m\libgcc.a(unorddf2.o)
                0x00008790                __aeabi_dcmpun
 .text          0x000087d0       0x68 c:/program files (x86)/atmel/studio/7.0/toolchain/arm/arm-gnu-toolchain/bin/../lib/gcc/arm-none-eabi/6.3.1/thumb/v6-m\libgcc.a(fixdfsi.o)
                0x000087d0                __aeabi_d2iz
 .text          0x00008838       0x84 c:/program files (x86)/atmel/studio/7.0/toolchain/arm/arm-gnu-toolchain/bin/../lib/gcc/arm-none-eabi/6.3.1/thumb/v6-m\libgcc.a(floatsidf.o)
                0x00008838                __aeabi_i2d
 .text          0x000088bc       0x70 c:/program files (x86)/atmel/studio/7.0/toolchain/arm/arm-gnu-toolchain/bin/../lib/gcc/arm-none-eabi/6.3.1/thumb/v6-m\libgcc.a(floatunsidf.o)
                0x000088bc                __aeabi_ui2d
 .text          0x0000892c       0x18 c:/program files (x86)/atmel/studio/7.0/toolchain/arm/arm-gnu-toolchain/bin/../lib/gcc/arm-none-eabi/6.3.1/thumb/v6-m\libgcc.a(_clzdi2.o)
                0x0000892c                __clzdi2
 *(.glue_7t)
 .glue_7t       0x00008944        0x0 linker stubs
 *(.glue_7)
 .glue_7        0x00008944        0x0 linker stubs
 *(.rodata .rodata* .gnu.linkonce.r.*)
 .rodata        0x00008944      0x432 LCD.o
 *fill*         0x00008d76        0x2 
 .rodata.str1.4
                0x00008d78       0xbb main.o
                                 0xc3 (size before relaxing)
 *fill*         0x00008e33        0x1 
 .rodata        0x00008e34       0x80 c:/program files (x86)/atmel/studio/7.0/toolchain/arm/arm-gnu-toolchain/bin/../lib/gcc/arm-none-eabi/6.3.1/thumb/v6-m\libgcc.a(divsf3.o)
 .rodata        0x00008eb4       0x40 c:/program files (x86)/atmel/studio/7.0/toolchain/arm/arm-gnu-toolchain/bin/../lib/gcc/arm-none-eabi/6.3.1/thumb/v6-m\libgcc.a(mulsf3.o)
 .rodata._global_impure_ptr
                0x00008ef4        0x4 c:/program files (x86)/atmel/studio/7.0/toolchain/arm/arm-gnu-toolchain/bin/../lib/gcc/arm-none-eabi/6.3.1/../../../../arm-none-eabi/lib/thumb/v6-m\libc.a(lib_a-impure.o)
                0x00008ef4                _global_impure_ptr
 .rodata._svfprintf_r
                0x00008ef8      0x164 c:/program files (x86)/atmel/studio/7.0/toolchain/arm/arm-gnu-toolchain/bin/../lib/gcc/arm-none-eabi/6.3.1/../../../../arm-none-eabi/lib/thumb/v6-m\libc.a(lib_a-svfprintf.o)
 .rodata._svfprintf_r.str1.4
                0x0000905c       0x42 c:/program files (x86)/atmel/studio/7.0/toolchain/arm/arm-gnu-toolchain/bin/../lib/gcc/arm-none-eabi/6.3.1/../../../../arm-none-eabi/lib/thumb/v6-m\libc.a(lib_a-svfprintf.o)
 *fill*         0x0000909e        0x2 
 .rodata.blanks.7223
                0x000090a0       0x10 c:/program files (x86)/atmel/studio/7.0/toolchain/arm/arm-gnu-toolchain/bin/../lib/gcc/arm-none-eabi/6.3.1/../../../../arm-none-eabi/lib/thumb/v6-m\libc.a(lib_a-svfprintf.o)
 .rodata.zeroes.7224
                0x000090b0       0x10 c:/program files (x86)/atmel/studio/7.0/toolchain/arm/arm-gnu-toolchain/bin/../lib/gcc/arm-none-eabi/6.3.1/../../../../arm-none-eabi/lib/thumb/v6-m\libc.a(lib_a-svfprintf.o)
 .rodata.__utoa.str1.4
                0x000090c0       0x25 c:/program files (x86)/atmel/studio/7.0/toolchain/arm/arm-gnu-toolchain/bin/../lib/gcc/arm-none-eabi/6.3.1/../../../../arm-none-eabi/lib/thumb/v6-m\libc.a(lib_a-utoa.o)
 *fill*         0x000090e5        0x3 
 .rodata._dtoa_r.str1.4
                0x000090e8       0x10 c:/program files (x86)/atmel/studio/7.0/toolchain/arm/arm-gnu-toolchain/bin/../lib/gcc/arm-none-eabi/6.3.1/../../../../arm-none-eabi/lib/thumb/v6-m\libc.a(lib_a-dtoa.o)
                                 0x12 (size before relaxing)
 .rodata.__mprec_bigtens
                0x000090f8       0x28 c:/program files (x86)/atmel/studio/7.0/toolchain/arm/arm-gnu-toolchain/bin/../lib/gcc/arm-none-eabi/6.3.1/../../../../arm-none-eabi/lib/thumb/v6-m\libc.a(lib_a-mprec.o)
                0x000090f8                __mprec_bigtens
 .rodata.__mprec_tens
                0x00009120       0xc8 c:/program files (x86)/atmel/studio/7.0/toolchain/arm/arm-gnu-toolchain/bin/../lib/gcc/arm-none-eabi/6.3.1/../../../../arm-none-eabi/lib/thumb/v6-m\libc.a(lib_a-mprec.o)
                0x00009120                __mprec_tens
 .rodata.p05.6055
                0x000091e8        0xc c:/program files (x86)/atmel/studio/7.0/toolchain/arm/arm-gnu-toolchain/bin/../lib/gcc/arm-none-eabi/6.3.1/../../../../arm-none-eabi/lib/thumb/v6-m\libc.a(lib_a-mprec.o)
 .rodata._setlocale_r.str1.4
                0x000091f4        0xa c:/program files (x86)/atmel/studio/7.0/toolchain/arm/arm-gnu-toolchain/bin/../lib/gcc/arm-none-eabi/6.3.1/../../../../arm-none-eabi/lib/thumb/v6-m\libc.a(lib_a-locale.o)
                                  0xd (size before relaxing)
 *fill*         0x000091fe        0x2 
 .rodata.str1.4
                0x00009200        0x4 c:/program files (x86)/atmel/studio/7.0/toolchain/arm/arm-gnu-toolchain/bin/../lib/gcc/arm-none-eabi/6.3.1/../../../../arm-none-eabi/lib/thumb/v6-m\libc.a(lib_a-locale.o)
                                  0x2 (size before relaxing)
 .rodata._ctype_
                0x00009204      0x101 c:/program files (x86)/atmel/studio/7.0/toolchain/arm/arm-gnu-toolchain/bin/../lib/gcc/arm-none-eabi/6.3.1/../../../../arm-none-eabi/lib/thumb/v6-m\libc.a(lib_a-ctype_.o)
                0x00009204                _ctype_
 *fill*         0x00009305        0x3 
 .rodata        0x00009308       0x40 c:/program files (x86)/atmel/studio/7.0/toolchain/arm/arm-gnu-toolchain/bin/../lib/gcc/arm-none-eabi/6.3.1/thumb/v6-m\libgcc.a(divdf3.o)
 .rodata        0x00009348       0x40 c:/program files (x86)/atmel/studio/7.0/toolchain/arm/arm-gnu-toolchain/bin/../lib/gcc/arm-none-eabi/6.3.1/thumb/v6-m\libgcc.a(muldf3.o)
 *(.ARM.extab* .gnu.linkonce.armextab.*)
                0x00009388                . = ALIGN (0x4)
 *(.init)
 .init          0x00009388        0x4 c:/program files (x86)/atmel/studio/7.0/toolchain/arm/arm-gnu-toolchain/bin/../lib/gcc/arm-none-eabi/6.3.1/thumb/v6-m/crti.o
                0x00009388                _init
 .init          0x0000938c        0x8 c:/program files (x86)/atmel/studio/7.0/toolchain/arm/arm-gnu-toolchain/bin/../lib/gcc/arm-none-eabi/6.3.1/thumb/v6-m/crtn.o
                0x00009394                . = ALIGN (0x4)
                0x00009394                __preinit_array_start = .
 *(.preinit_array)
                0x00009394                __preinit_array_end = .
                0x00009394                . = ALIGN (0x4)
                0x00009394                __init_array_start = .
 *(SORT(.init_array.*))
 .init_array.00000
                0x00009394        0x4 c:/program files (x86)/atmel/studio/7.0/toolchain/arm/arm-gnu-toolchain/bin/../lib/gcc/arm-none-eabi/6.3.1/../../../../arm-none-eabi/lib/thumb/v6-m\libc.a(lib_a-__call_atexit.o)
 *(.init_array)
 .init_array    0x00009398        0x4 c:/program files (x86)/atmel/studio/7.0/toolchain/arm/arm-gnu-toolchain/bin/../lib/gcc/arm-none-eabi/6.3.1/thumb/v6-m/crtbegin.o
                0x0000939c                __init_array_end = .
                0x0000939c                . = ALIGN (0x4)
 *crtbegin.o(.ctors)
 *(EXCLUDE_FILE(*crtend.o) .ctors)
 *(SORT(.ctors.*))
 *crtend.o(.ctors)
                0x0000939c                . = ALIGN (0x4)
 *(.fini)
 .fini          0x0000939c        0x4 c:/program files (x86)/atmel/studio/7.0/toolchain/arm/arm-gnu-toolchain/bin/../lib/gcc/arm-none-eabi/6.3.1/thumb/v6-m/crti.o
                0x0000939c                _fini
 .fini          0x000093a0        0x8 c:/program files (x86)/atmel/studio/7.0/toolchain/arm/arm-gnu-toolchain/bin/../lib/gcc/arm-none-eabi/6.3.1/thumb/v6-m/crtn.o
                0x000093a8                . = ALIGN (0x4)
                0x000093a8                __fini_array_start = .
 *(.fini_array)
 .fini_array    0x000093a8        0x4 c:/program files (x86)/atmel/studio/7.0/toolchain/arm/arm-gnu-toolchain/bin/../lib/gcc/arm-none-eabi/6.3.1/thumb/v6-m/crtbegin.o
 *(SORT(.fini_array.*))
                0x000093ac                __fini_array_end = .
 *crtbegin.o(.dtors)
 *(EXCLUDE_FILE(*crtend.o) .dtors)
 *(SORT(.dtors.*))
 *crtend.o(.dtors)
                0x000093ac                . = ALIGN (0x4)
                0x000093ac                _efixed = .
                [!provide]                PROVIDE (__exidx_start, .)

.vfp11_veneer   0x000093ac        0x0
 .vfp11_veneer  0x000093ac        0x0 linker stubs

.v4_bx          0x000093ac        0x0
 .v4_bx         0x000093ac        0x0 linker stubs

.iplt           0x000093ac        0x0
 .iplt          0x000093ac        0x0 c:/program files (x86)/atmel/studio/7.0/toolchain/arm/arm-gnu-toolchain/bin/../lib/gcc/arm-none-eabi/6.3.1/thumb/v6-m/crtbegin.o

.ARM.exidx      0x000093ac        0x8
 *(.ARM.exidx* .gnu.linkonce.armexidx.*)
 .ARM.exidx     0x000093ac        0x8 c:/program files (x86)/atmel/studio/7.0/toolchain/arm/arm-gnu-toolchain/bin/../lib/gcc/arm-none-eabi/6.3.1/thumb/v6-m\libgcc.a(_udivmoddi4.o)
                [!provide]                PROVIDE (__exidx_end, .)

.eh_frame       0x000093b4        0x0
 .eh_frame      0x000093b4        0x0 c:/program files (x86)/atmel/studio/7.0/toolchain/arm/arm-gnu-toolchain/bin/../lib/gcc/arm-none-eabi/6.3.1/thumb/v6-m/crtbegin.o

.rel.dyn        0x000093b4        0x0
 .rel.iplt      0x000093b4        0x0 c:/program files (x86)/atmel/studio/7.0/toolchain/arm/arm-gnu-toolchain/bin/../lib/gcc/arm-none-eabi/6.3.1/thumb/v6-m/crtbegin.o

.jcr            0x000093b4        0x0
 .jcr           0x000093b4        0x0 c:/program files (x86)/atmel/studio/7.0/toolchain/arm/arm-gnu-toolchain/bin/../lib/gcc/arm-none-eabi/6.3.1/thumb/v6-m/crtbegin.o

.igot.plt       0x000093b4        0x0
 .igot.plt      0x000093b4        0x0 c:/program files (x86)/atmel/studio/7.0/toolchain/arm/arm-gnu-toolchain/bin/../lib/gcc/arm-none-eabi/6.3.1/thumb/v6-m/crtbegin.o
                0x000093b4                . = ALIGN (0x4)
                0x000093b4                _etext = .

.relocate       0x20000000      0xcc0 load address 0x000093b4
                0x20000000                . = ALIGN (0x4)
                0x20000000                _srelocate = .
 *(.ramfunc .ramfunc.*)
 *(.data .data.*)
 .data          0x20000000        0x4 Device_Startup/system_samc21.o
                0x20000000                SystemCoreClock
 .data          0x20000004      0x310 main.o
                0x20000004                setpoint
                0x20000008                counter
                0x2000000c                CMD
 .data._impure_ptr
                0x20000314        0x4 c:/program files (x86)/atmel/studio/7.0/toolchain/arm/arm-gnu-toolchain/bin/../lib/gcc/arm-none-eabi/6.3.1/../../../../arm-none-eabi/lib/thumb/v6-m\libc.a(lib_a-impure.o)
                0x20000314                _impure_ptr
 .data.impure_data
                0x20000318      0x428 c:/program files (x86)/atmel/studio/7.0/toolchain/arm/arm-gnu-toolchain/bin/../lib/gcc/arm-none-eabi/6.3.1/../../../../arm-none-eabi/lib/thumb/v6-m\libc.a(lib_a-impure.o)
 .data.__atexit_recursive_mutex
                0x20000740        0x4 c:/program files (x86)/atmel/studio/7.0/toolchain/arm/arm-gnu-toolchain/bin/../lib/gcc/arm-none-eabi/6.3.1/../../../../arm-none-eabi/lib/thumb/v6-m\libc.a(lib_a-__call_atexit.o)
                0x20000740                __atexit_recursive_mutex
 .data.__malloc_av_
                0x20000744      0x408 c:/program files (x86)/atmel/studio/7.0/toolchain/arm/arm-gnu-toolchain/bin/../lib/gcc/arm-none-eabi/6.3.1/../../../../arm-none-eabi/lib/thumb/v6-m\libc.a(lib_a-mallocr.o)
                0x20000744                __malloc_av_
 .data.__malloc_sbrk_base
                0x20000b4c        0x4 c:/program files (x86)/atmel/studio/7.0/toolchain/arm/arm-gnu-toolchain/bin/../lib/gcc/arm-none-eabi/6.3.1/../../../../arm-none-eabi/lib/thumb/v6-m\libc.a(lib_a-mallocr.o)
                0x20000b4c                __malloc_sbrk_base
 .data.__malloc_trim_threshold
                0x20000b50        0x4 c:/program files (x86)/atmel/studio/7.0/toolchain/arm/arm-gnu-toolchain/bin/../lib/gcc/arm-none-eabi/6.3.1/../../../../arm-none-eabi/lib/thumb/v6-m\libc.a(lib_a-mallocr.o)
                0x20000b50                __malloc_trim_threshold
 .data.__global_locale
                0x20000b54      0x16c c:/program files (x86)/atmel/studio/7.0/toolchain/arm/arm-gnu-toolchain/bin/../lib/gcc/arm-none-eabi/6.3.1/../../../../arm-none-eabi/lib/thumb/v6-m\libc.a(lib_a-locale.o)
                0x20000b54                __global_locale
                0x20000cc0                . = ALIGN (0x4)
                0x20000cc0                _erelocate = .

.bss            0x20000cc0      0x2e4 load address 0x0000a074
                0x20000cc0                . = ALIGN (0x4)
                0x20000cc0                _sbss = .
                0x20000cc0                _szero = .
 *(.bss .bss.*)
 .bss           0x20000cc0       0x1c c:/program files (x86)/atmel/studio/7.0/toolchain/arm/arm-gnu-toolchain/bin/../lib/gcc/arm-none-eabi/6.3.1/thumb/v6-m/crtbegin.o
 .bss           0x20000cdc        0xe LCD.o
 *fill*         0x20000cea        0x2 
 .bss           0x20000cec      0x24e main.o
                0x20000cec                counter_power
                0x20000cee                blink
                0x20000cf0                output
                0x20000cf4                temp
                0x20000cf8                PID
                0x20000d08                running
                0x20000d0a                praeamble
                0x20000d0b                Power_level
                0x20000d0c                count_1
                0x20000d10                count_2
                0x20000d14                Data_ready
                0x20000f24                key_state
                0x20000f28                key_press
                0x20000f30                key_rpt
                0x20000f35                enc_delta
                0x20000f38                RTD_data
 *fill*         0x20000f3a        0x2 
 .bss           0x20000f3c        0x8 PID.o
 .bss           0x20000f44        0x4 syscalls.o
 .bss.__malloc_current_mallinfo
                0x20000f48       0x28 c:/program files (x86)/atmel/studio/7.0/toolchain/arm/arm-gnu-toolchain/bin/../lib/gcc/arm-none-eabi/6.3.1/../../../../arm-none-eabi/lib/thumb/v6-m\libc.a(lib_a-mallocr.o)
                0x20000f48                __malloc_current_mallinfo
 .bss.__malloc_max_sbrked_mem
                0x20000f70        0x4 c:/program files (x86)/atmel/studio/7.0/toolchain/arm/arm-gnu-toolchain/bin/../lib/gcc/arm-none-eabi/6.3.1/../../../../arm-none-eabi/lib/thumb/v6-m\libc.a(lib_a-mallocr.o)
                0x20000f70                __malloc_max_sbrked_mem
 .bss.__malloc_max_total_mem
                0x20000f74        0x4 c:/program files (x86)/atmel/studio/7.0/toolchain/arm/arm-gnu-toolchain/bin/../lib/gcc/arm-none-eabi/6.3.1/../../../../arm-none-eabi/lib/thumb/v6-m\libc.a(lib_a-mallocr.o)
                0x20000f74                __malloc_max_total_mem
 .bss.__malloc_top_pad
                0x20000f78        0x4 c:/program files (x86)/atmel/studio/7.0/toolchain/arm/arm-gnu-toolchain/bin/../lib/gcc/arm-none-eabi/6.3.1/../../../../arm-none-eabi/lib/thumb/v6-m\libc.a(lib_a-mallocr.o)
                0x20000f78                __malloc_top_pad
 *(COMMON)
 COMMON         0x20000f7c       0x21 c:/program files (x86)/atmel/studio/7.0/toolchain/arm/arm-gnu-toolchain/bin/../lib/gcc/arm-none-eabi/6.3.1/../../../../arm-none-eabi/lib/thumb/v6-m\libc.a(lib_a-lock.o)
                0x20000f7c                __lock___atexit_recursive_mutex
                0x20000f80                __lock___arc4random_mutex
                0x20000f84                __lock___env_recursive_mutex
                0x20000f88                __lock___sinit_recursive_mutex
                0x20000f8c                __lock___malloc_recursive_mutex
                0x20000f90                __lock___at_quick_exit_mutex
                0x20000f94                __lock___dd_hash_mutex
                0x20000f98                __lock___tz_mutex
                0x20000f9c                __lock___sfp_recursive_mutex
 *fill*         0x20000f9d        0x3 
 COMMON         0x20000fa0        0x4 c:/program files (x86)/atmel/studio/7.0/toolchain/arm/arm-gnu-toolchain/bin/../lib/gcc/arm-none-eabi/6.3.1/../../../../arm-none-eabi/lib/thumb/v6-m\libc.a(lib_a-reent.o)
                0x20000fa0                errno
                0x20000fa4                . = ALIGN (0x4)
                0x20000fa4                _ebss = .
                0x20000fa4                _ezero = .

.stack          0x20000fa4     0x2004 load address 0x0000a358
                0x20000fa8                . = ALIGN (0x8)
 *fill*         0x20000fa4        0x4 
                0x20000fa8                _sstack = .
                0x20002fa8                . = (. + STACK_SIZE)
 *fill*         0x20000fa8     0x2000 
                0x20002fa8                . = ALIGN (0x8)
                0x20002fa8                _estack = .
                0x20002fa8                . = ALIGN (0x4)
                0x20002fa8                _end = .
OUTPUT(Brausteuerung.elf elf32-littlearm)

.ARM.attributes
                0x00000000       0x28
 .ARM.attributes
                0x00000000       0x1e c:/program files (x86)/atmel/studio/7.0/toolchain/arm/arm-gnu-toolchain/bin/../lib/gcc/arm-none-eabi/6.3.1/thumb/v6-m/crti.o
 .ARM.attributes
                0x0000001e       0x2c c:/program files (x86)/atmel/studio/7.0/toolchain/arm/arm-gnu-toolchain/bin/../lib/gcc/arm-none-eabi/6.3.1/thumb/v6-m/crtbegin.o
 .ARM.attributes
                0x0000004a       0x32 Device_Startup/startup_samc21.o
 .ARM.attributes
                0x0000007c       0x32 Device_Startup/system_samc21.o
 .ARM.attributes
                0x000000ae       0x32 I2C.o
 .ARM.attributes
                0x000000e0       0x32 LCD.o
 .ARM.attributes
                0x00000112       0x32 main.o
 .ARM.attributes
                0x00000144       0x32 PID.o
 .ARM.attributes
                0x00000176       0x32 RTC2.o
 .ARM.attributes
                0x000001a8       0x32 SPI.o
 .ARM.attributes
                0x000001da       0x32 syscalls.o
 .ARM.attributes
                0x0000020c       0x1e c:/program files (x86)/atmel/studio/7.0/toolchain/arm/arm-gnu-toolchain/bin/../lib/gcc/arm-none-eabi/6.3.1/thumb/v6-m\libgcc.a(_udivsi3.o)
 .ARM.attributes
                0x0000022a       0x1e c:/program files (x86)/atmel/studio/7.0/toolchain/arm/arm-gnu-toolchain/bin/../lib/gcc/arm-none-eabi/6.3.1/thumb/v6-m\libgcc.a(_divsi3.o)
 .ARM.attributes
                0x00000248       0x1e c:/program files (x86)/atmel/studio/7.0/toolchain/arm/arm-gnu-toolchain/bin/../lib/gcc/arm-none-eabi/6.3.1/thumb/v6-m\libgcc.a(_dvmd_tls.o)
 .ARM.attributes
                0x00000266       0x1e c:/program files (x86)/atmel/studio/7.0/toolchain/arm/arm-gnu-toolchain/bin/../lib/gcc/arm-none-eabi/6.3.1/thumb/v6-m\libgcc.a(_arm_cmpsf2.o)
 .ARM.attributes
                0x00000284       0x2c c:/program files (x86)/atmel/studio/7.0/toolchain/arm/arm-gnu-toolchain/bin/../lib/gcc/arm-none-eabi/6.3.1/thumb/v6-m\libgcc.a(addsf3.o)
 .ARM.attributes
                0x000002b0       0x2c c:/program files (x86)/atmel/studio/7.0/toolchain/arm/arm-gnu-toolchain/bin/../lib/gcc/arm-none-eabi/6.3.1/thumb/v6-m\libgcc.a(divsf3.o)
 .ARM.attributes
                0x000002dc       0x2c c:/program files (x86)/atmel/studio/7.0/toolchain/arm/arm-gnu-toolchain/bin/../lib/gcc/arm-none-eabi/6.3.1/thumb/v6-m\libgcc.a(eqsf2.o)
 .ARM.attributes
                0x00000308       0x2c c:/program files (x86)/atmel/studio/7.0/toolchain/arm/arm-gnu-toolchain/bin/../lib/gcc/arm-none-eabi/6.3.1/thumb/v6-m\libgcc.a(gesf2.o)
 .ARM.attributes
                0x00000334       0x2c c:/program files (x86)/atmel/studio/7.0/toolchain/arm/arm-gnu-toolchain/bin/../lib/gcc/arm-none-eabi/6.3.1/thumb/v6-m\libgcc.a(lesf2.o)
 .ARM.attributes
                0x00000360       0x2c c:/program files (x86)/atmel/studio/7.0/toolchain/arm/arm-gnu-toolchain/bin/../lib/gcc/arm-none-eabi/6.3.1/thumb/v6-m\libgcc.a(mulsf3.o)
 .ARM.attributes
                0x0000038c       0x2c c:/program files (x86)/atmel/studio/7.0/toolchain/arm/arm-gnu-toolchain/bin/../lib/gcc/arm-none-eabi/6.3.1/thumb/v6-m\libgcc.a(subsf3.o)
 .ARM.attributes
                0x000003b8       0x2c c:/program files (x86)/atmel/studio/7.0/toolchain/arm/arm-gnu-toolchain/bin/../lib/gcc/arm-none-eabi/6.3.1/thumb/v6-m\libgcc.a(fixsfsi.o)
 .ARM.attributes
                0x000003e4       0x2c c:/program files (x86)/atmel/studio/7.0/toolchain/arm/arm-gnu-toolchain/bin/../lib/gcc/arm-none-eabi/6.3.1/thumb/v6-m\libgcc.a(floatsisf.o)
 .ARM.attributes
                0x00000410       0x2c c:/program files (x86)/atmel/studio/7.0/toolchain/arm/arm-gnu-toolchain/bin/../lib/gcc/arm-none-eabi/6.3.1/thumb/v6-m\libgcc.a(extendsfdf2.o)
 .ARM.attributes
                0x0000043c       0x1e c:/program files (x86)/atmel/studio/7.0/toolchain/arm/arm-gnu-toolchain/bin/../lib/gcc/arm-none-eabi/6.3.1/thumb/v6-m\libgcc.a(_clzsi2.o)
 .ARM.attributes
                0x0000045a       0x2c c:/program files (x86)/atmel/studio/7.0/toolchain/arm/arm-gnu-toolchain/bin/../lib/gcc/arm-none-eabi/6.3.1/../../../../arm-none-eabi/lib/thumb/v6-m\libc.a(lib_a-impure.o)
 .ARM.attributes
                0x00000486       0x2c c:/program files (x86)/atmel/studio/7.0/toolchain/arm/arm-gnu-toolchain/bin/../lib/gcc/arm-none-eabi/6.3.1/../../../../arm-none-eabi/lib/thumb/v6-m\libc.a(lib_a-init.o)
 .ARM.attributes
                0x000004b2       0x2c c:/program files (x86)/atmel/studio/7.0/toolchain/arm/arm-gnu-toolchain/bin/../lib/gcc/arm-none-eabi/6.3.1/../../../../arm-none-eabi/lib/thumb/v6-m\libc.a(lib_a-memset.o)
 .ARM.attributes
                0x000004de       0x2c c:/program files (x86)/atmel/studio/7.0/toolchain/arm/arm-gnu-toolchain/bin/../lib/gcc/arm-none-eabi/6.3.1/../../../../arm-none-eabi/lib/thumb/v6-m\libc.a(lib_a-sprintf.o)
 .ARM.attributes
                0x0000050a       0x2c c:/program files (x86)/atmel/studio/7.0/toolchain/arm/arm-gnu-toolchain/bin/../lib/gcc/arm-none-eabi/6.3.1/../../../../arm-none-eabi/lib/thumb/v6-m\libc.a(lib_a-svfprintf.o)
 .ARM.attributes
                0x00000536       0x2c c:/program files (x86)/atmel/studio/7.0/toolchain/arm/arm-gnu-toolchain/bin/../lib/gcc/arm-none-eabi/6.3.1/../../../../arm-none-eabi/lib/thumb/v6-m\libc.a(lib_a-utoa.o)
 .ARM.attributes
                0x00000562       0x2c c:/program files (x86)/atmel/studio/7.0/toolchain/arm/arm-gnu-toolchain/bin/../lib/gcc/arm-none-eabi/6.3.1/../../../../arm-none-eabi/lib/thumb/v6-m\libc.a(lib_a-__call_atexit.o)
 .ARM.attributes
                0x0000058e       0x2c c:/program files (x86)/atmel/studio/7.0/toolchain/arm/arm-gnu-toolchain/bin/../lib/gcc/arm-none-eabi/6.3.1/../../../../arm-none-eabi/lib/thumb/v6-m\libc.a(lib_a-atexit.o)
 .ARM.attributes
                0x000005ba       0x2c c:/program files (x86)/atmel/studio/7.0/toolchain/arm/arm-gnu-toolchain/bin/../lib/gcc/arm-none-eabi/6.3.1/../../../../arm-none-eabi/lib/thumb/v6-m\libc.a(lib_a-dtoa.o)
 .ARM.attributes
                0x000005e6       0x2c c:/program files (x86)/atmel/studio/7.0/toolchain/arm/arm-gnu-toolchain/bin/../lib/gcc/arm-none-eabi/6.3.1/../../../../arm-none-eabi/lib/thumb/v6-m\libc.a(lib_a-fini.o)
 .ARM.attributes
                0x00000612       0x2c c:/program files (x86)/atmel/studio/7.0/toolchain/arm/arm-gnu-toolchain/bin/../lib/gcc/arm-none-eabi/6.3.1/../../../../arm-none-eabi/lib/thumb/v6-m\libc.a(lib_a-localeconv.o)
 .ARM.attributes
                0x0000063e       0x2c c:/program files (x86)/atmel/studio/7.0/toolchain/arm/arm-gnu-toolchain/bin/../lib/gcc/arm-none-eabi/6.3.1/../../../../arm-none-eabi/lib/thumb/v6-m\libc.a(lib_a-lock.o)
 .ARM.attributes
                0x0000066a       0x2c c:/program files (x86)/atmel/studio/7.0/toolchain/arm/arm-gnu-toolchain/bin/../lib/gcc/arm-none-eabi/6.3.1/../../../../arm-none-eabi/lib/thumb/v6-m\libc.a(lib_a-mallocr.o)
 .ARM.attributes
                0x00000696       0x2c c:/program files (x86)/atmel/studio/7.0/toolchain/arm/arm-gnu-toolchain/bin/../lib/gcc/arm-none-eabi/6.3.1/../../../../arm-none-eabi/lib/thumb/v6-m\libc.a(lib_a-memchr-stub.o)
 .ARM.attributes
                0x000006c2       0x2c c:/program files (x86)/atmel/studio/7.0/toolchain/arm/arm-gnu-toolchain/bin/../lib/gcc/arm-none-eabi/6.3.1/../../../../arm-none-eabi/lib/thumb/v6-m\libc.a(lib_a-memcpy-stub.o)
 .ARM.attributes
                0x000006ee       0x2c c:/program files (x86)/atmel/studio/7.0/toolchain/arm/arm-gnu-toolchain/bin/../lib/gcc/arm-none-eabi/6.3.1/../../../../arm-none-eabi/lib/thumb/v6-m\libc.a(lib_a-mlock.o)
 .ARM.attributes
                0x0000071a       0x2c c:/program files (x86)/atmel/studio/7.0/toolchain/arm/arm-gnu-toolchain/bin/../lib/gcc/arm-none-eabi/6.3.1/../../../../arm-none-eabi/lib/thumb/v6-m\libc.a(lib_a-mprec.o)
 .ARM.attributes
                0x00000746       0x2c c:/program files (x86)/atmel/studio/7.0/toolchain/arm/arm-gnu-toolchain/bin/../lib/gcc/arm-none-eabi/6.3.1/../../../../arm-none-eabi/lib/thumb/v6-m\libc.a(lib_a-sbrkr.o)
 .ARM.attributes
                0x00000772       0x2c c:/program files (x86)/atmel/studio/7.0/toolchain/arm/arm-gnu-toolchain/bin/../lib/gcc/arm-none-eabi/6.3.1/../../../../arm-none-eabi/lib/thumb/v6-m\libc.a(lib_a-strlen-stub.o)
 .ARM.attributes
                0x0000079e       0x2c c:/program files (x86)/atmel/studio/7.0/toolchain/arm/arm-gnu-toolchain/bin/../lib/gcc/arm-none-eabi/6.3.1/../../../../arm-none-eabi/lib/thumb/v6-m\libc.a(lib_a-svfiprintf.o)
 .ARM.attributes
                0x000007ca       0x2c c:/program files (x86)/atmel/studio/7.0/toolchain/arm/arm-gnu-toolchain/bin/../lib/gcc/arm-none-eabi/6.3.1/../../../../arm-none-eabi/lib/thumb/v6-m\libc.a(lib_a-__atexit.o)
 .ARM.attributes
                0x000007f6       0x2c c:/program files (x86)/atmel/studio/7.0/toolchain/arm/arm-gnu-toolchain/bin/../lib/gcc/arm-none-eabi/6.3.1/../../../../arm-none-eabi/lib/thumb/v6-m\libc.a(lib_a-callocr.o)
 .ARM.attributes
                0x00000822       0x2c c:/program files (x86)/atmel/studio/7.0/toolchain/arm/arm-gnu-toolchain/bin/../lib/gcc/arm-none-eabi/6.3.1/../../../../arm-none-eabi/lib/thumb/v6-m\libc.a(lib_a-freer.o)
 .ARM.attributes
                0x0000084e       0x2c c:/program files (x86)/atmel/studio/7.0/toolchain/arm/arm-gnu-toolchain/bin/../lib/gcc/arm-none-eabi/6.3.1/../../../../arm-none-eabi/lib/thumb/v6-m\libc.a(lib_a-locale.o)
 .ARM.attributes
                0x0000087a       0x2c c:/program files (x86)/atmel/studio/7.0/toolchain/arm/arm-gnu-toolchain/bin/../lib/gcc/arm-none-eabi/6.3.1/../../../../arm-none-eabi/lib/thumb/v6-m\libc.a(lib_a-mbtowc_r.o)
 .ARM.attributes
                0x000008a6       0x2c c:/program files (x86)/atmel/studio/7.0/toolchain/arm/arm-gnu-toolchain/bin/../lib/gcc/arm-none-eabi/6.3.1/../../../../arm-none-eabi/lib/thumb/v6-m\libc.a(lib_a-memmove.o)
 .ARM.attributes
                0x000008d2       0x2c c:/program files (x86)/atmel/studio/7.0/toolchain/arm/arm-gnu-toolchain/bin/../lib/gcc/arm-none-eabi/6.3.1/../../../../arm-none-eabi/lib/thumb/v6-m\libc.a(lib_a-reallocr.o)
 .ARM.attributes
                0x000008fe       0x2c c:/program files (x86)/atmel/studio/7.0/toolchain/arm/arm-gnu-toolchain/bin/../lib/gcc/arm-none-eabi/6.3.1/../../../../arm-none-eabi/lib/thumb/v6-m\libc.a(lib_a-reent.o)
 .ARM.attributes
                0x0000092a       0x2c c:/program files (x86)/atmel/studio/7.0/toolchain/arm/arm-gnu-toolchain/bin/../lib/gcc/arm-none-eabi/6.3.1/../../../../arm-none-eabi/lib/thumb/v6-m\libc.a(lib_a-wctomb_r.o)
 .ARM.attributes
                0x00000956       0x2c c:/program files (x86)/atmel/studio/7.0/toolchain/arm/arm-gnu-toolchain/bin/../lib/gcc/arm-none-eabi/6.3.1/../../../../arm-none-eabi/lib/thumb/v6-m\libc.a(lib_a-ctype_.o)
 .ARM.attributes
                0x00000982       0x1e c:/program files (x86)/atmel/studio/7.0/toolchain/arm/arm-gnu-toolchain/bin/../lib/gcc/arm-none-eabi/6.3.1/thumb/v6-m\libgcc.a(_arm_cmpdf2.o)
 .ARM.attributes
                0x000009a0       0x1e c:/program files (x86)/atmel/studio/7.0/toolchain/arm/arm-gnu-toolchain/bin/../lib/gcc/arm-none-eabi/6.3.1/thumb/v6-m\libgcc.a(_aeabi_uldivmod.o)
 .ARM.attributes
                0x000009be       0x2c c:/program files (x86)/atmel/studio/7.0/toolchain/arm/arm-gnu-toolchain/bin/../lib/gcc/arm-none-eabi/6.3.1/thumb/v6-m\libgcc.a(_udivmoddi4.o)
 .ARM.attributes
                0x000009ea       0x2c c:/program files (x86)/atmel/studio/7.0/toolchain/arm/arm-gnu-toolchain/bin/../lib/gcc/arm-none-eabi/6.3.1/thumb/v6-m\libgcc.a(adddf3.o)
 .ARM.attributes
                0x00000a16       0x2c c:/program files (x86)/atmel/studio/7.0/toolchain/arm/arm-gnu-toolchain/bin/../lib/gcc/arm-none-eabi/6.3.1/thumb/v6-m\libgcc.a(divdf3.o)
 .ARM.attributes
                0x00000a42       0x2c c:/program files (x86)/atmel/studio/7.0/toolchain/arm/arm-gnu-toolchain/bin/../lib/gcc/arm-none-eabi/6.3.1/thumb/v6-m\libgcc.a(eqdf2.o)
 .ARM.attributes
                0x00000a6e       0x2c c:/program files (x86)/atmel/studio/7.0/toolchain/arm/arm-gnu-toolchain/bin/../lib/gcc/arm-none-eabi/6.3.1/thumb/v6-m\libgcc.a(gedf2.o)
 .ARM.attributes
                0x00000a9a       0x2c c:/program files (x86)/atmel/studio/7.0/toolchain/arm/arm-gnu-toolchain/bin/../lib/gcc/arm-none-eabi/6.3.1/thumb/v6-m\libgcc.a(ledf2.o)
 .ARM.attributes
                0x00000ac6       0x2c c:/program files (x86)/atmel/studio/7.0/toolchain/arm/arm-gnu-toolchain/bin/../lib/gcc/arm-none-eabi/6.3.1/thumb/v6-m\libgcc.a(muldf3.o)
 .ARM.attributes
                0x00000af2       0x2c c:/program files (x86)/atmel/studio/7.0/toolchain/arm/arm-gnu-toolchain/bin/../lib/gcc/arm-none-eabi/6.3.1/thumb/v6-m\libgcc.a(subdf3.o)
 .ARM.attributes
                0x00000b1e       0x2c c:/program files (x86)/atmel/studio/7.0/toolchain/arm/arm-gnu-toolchain/bin/../lib/gcc/arm-none-eabi/6.3.1/thumb/v6-m\libgcc.a(unorddf2.o)
 .ARM.attributes
                0x00000b4a       0x2c c:/program files (x86)/atmel/studio/7.0/toolchain/arm/arm-gnu-toolchain/bin/../lib/gcc/arm-none-eabi/6.3.1/thumb/v6-m\libgcc.a(fixdfsi.o)
 .ARM.attributes
                0x00000b76       0x2c c:/program files (x86)/atmel/studio/7.0/toolchain/arm/arm-gnu-toolchain/bin/../lib/gcc/arm-none-eabi/6.3.1/thumb/v6-m\libgcc.a(floatsidf.o)
 .ARM.attributes
                0x00000ba2       0x2c c:/program files (x86)/atmel/studio/7.0/toolchain/arm/arm-gnu-toolchain/bin/../lib/gcc/arm-none-eabi/6.3.1/thumb/v6-m\libgcc.a(floatunsidf.o)
 .ARM.attributes
                0x00000bce       0x1e c:/program files (x86)/atmel/studio/7.0/toolchain/arm/arm-gnu-toolchain/bin/../lib/gcc/arm-none-eabi/6.3.1/thumb/v6-m\libgcc.a(_clzdi2.o)
 .ARM.attributes
                0x00000bec       0x1e c:/program files (x86)/atmel/studio/7.0/toolchain/arm/arm-gnu-toolchain/bin/../lib/gcc/arm-none-eabi/6.3.1/thumb/v6-m/crtn.o

.comment        0x00000000       0x59
 .comment       0x00000000       0x59 Device_Startup/startup_samc21.o
                                 0x5a (size before relaxing)
 .comment       0x00000059       0x5a Device_Startup/system_samc21.o
 .comment       0x00000059       0x5a I2C.o
 .comment       0x00000059       0x5a LCD.o
 .comment       0x00000059       0x5a main.o
 .comment       0x00000059       0x5a PID.o
 .comment       0x00000059       0x5a RTC2.o
 .comment       0x00000059       0x5a SPI.o
 .comment       0x00000059       0x5a syscalls.o

.debug_info     0x00000000    0x17a88
 .debug_info    0x00000000      0x575 Device_Startup/startup_samc21.o
 .debug_info    0x00000575       0xd5 Device_Startup/system_samc21.o
 .debug_info    0x0000064a     0x2eec I2C.o
 .debug_info    0x00003536     0x292e LCD.o
 .debug_info    0x00005e64     0xab36 main.o
 .debug_info    0x0001099a      0x272 PID.o
 .debug_info    0x00010c0c     0x2a62 RTC2.o
 .debug_info    0x0001366e     0x3682 SPI.o
 .debug_info    0x00016cf0      0xd98 syscalls.o

.debug_abbrev   0x00000000     0x136a
 .debug_abbrev  0x00000000      0x192 Device_Startup/startup_samc21.o
 .debug_abbrev  0x00000192       0x72 Device_Startup/system_samc21.o
 .debug_abbrev  0x00000204      0x19e I2C.o
 .debug_abbrev  0x000003a2      0x28b LCD.o
 .debug_abbrev  0x0000062d      0x5fc main.o
 .debug_abbrev  0x00000c29       0xf6 PID.o
 .debug_abbrev  0x00000d1f      0x1e3 RTC2.o
 .debug_abbrev  0x00000f02      0x211 SPI.o
 .debug_abbrev  0x00001113      0x257 syscalls.o

.debug_loc      0x00000000     0x13a9
 .debug_loc     0x00000000       0x60 Device_Startup/startup_samc21.o
 .debug_loc     0x00000060       0x20 I2C.o
 .debug_loc     0x00000080      0xa0a LCD.o
 .debug_loc     0x00000a8a      0x57b main.o
 .debug_loc     0x00001005      0x22d PID.o
 .debug_loc     0x00001232       0x34 RTC2.o
 .debug_loc     0x00001266       0x54 SPI.o
 .debug_loc     0x000012ba       0xef syscalls.o

.debug_aranges  0x00000000      0x260
 .debug_aranges
                0x00000000       0x28 Device_Startup/startup_samc21.o
 .debug_aranges
                0x00000028       0x28 Device_Startup/system_samc21.o
 .debug_aranges
                0x00000050       0x20 I2C.o
 .debug_aranges
                0x00000070       0x70 LCD.o
 .debug_aranges
                0x000000e0       0xb8 main.o
 .debug_aranges
                0x00000198       0x20 PID.o
 .debug_aranges
                0x000001b8       0x20 RTC2.o
 .debug_aranges
                0x000001d8       0x28 SPI.o
 .debug_aranges
                0x00000200       0x60 syscalls.o

.debug_ranges   0x00000000      0x248
 .debug_ranges  0x00000000       0x18 Device_Startup/startup_samc21.o
 .debug_ranges  0x00000018       0x18 Device_Startup/system_samc21.o
 .debug_ranges  0x00000030       0x10 I2C.o
 .debug_ranges  0x00000040       0x78 LCD.o
 .debug_ranges  0x000000b8       0xf0 main.o
 .debug_ranges  0x000001a8       0x28 PID.o
 .debug_ranges  0x000001d0       0x10 RTC2.o
 .debug_ranges  0x000001e0       0x18 SPI.o
 .debug_ranges  0x000001f8       0x50 syscalls.o

.debug_macro    0x00000000    0x1a1dd
 .debug_macro   0x00000000      0x3ab Device_Startup/startup_samc21.o
 .debug_macro   0x000003ab      0x89e Device_Startup/startup_samc21.o
 .debug_macro   0x00000c49       0x22 Device_Startup/startup_samc21.o
 .debug_macro   0x00000c6b       0x87 Device_Startup/startup_samc21.o
 .debug_macro   0x00000cf2       0x51 Device_Startup/startup_samc21.o
 .debug_macro   0x00000d43       0xef Device_Startup/startup_samc21.o
 .debug_macro   0x00000e32       0x6a Device_Startup/startup_samc21.o
 .debug_macro   0x00000e9c      0x1df Device_Startup/startup_samc21.o
 .debug_macro   0x0000107b       0x40 Device_Startup/startup_samc21.o
 .debug_macro   0x000010bb       0x28 Device_Startup/startup_samc21.o
 .debug_macro   0x000010e3       0x85 Device_Startup/startup_samc21.o
 .debug_macro   0x00001168      0x49b Device_Startup/startup_samc21.o
 .debug_macro   0x00001603      0x896 Device_Startup/startup_samc21.o
 .debug_macro   0x00001e99      0x8bf Device_Startup/startup_samc21.o
 .debug_macro   0x00002758     0x2d61 Device_Startup/startup_samc21.o
 .debug_macro   0x000054b9      0x21d Device_Startup/startup_samc21.o
 .debug_macro   0x000056d6      0x281 Device_Startup/startup_samc21.o
 .debug_macro   0x00005957      0x130 Device_Startup/startup_samc21.o
 .debug_macro   0x00005a87      0xd32 Device_Startup/startup_samc21.o
 .debug_macro   0x000067b9      0x61f Device_Startup/startup_samc21.o
 .debug_macro   0x00006dd8      0x5be Device_Startup/startup_samc21.o
 .debug_macro   0x00007396      0x823 Device_Startup/startup_samc21.o
 .debug_macro   0x00007bb9      0x172 Device_Startup/startup_samc21.o
 .debug_macro   0x00007d2b      0x2f7 Device_Startup/startup_samc21.o
 .debug_macro   0x00008022      0x55f Device_Startup/startup_samc21.o
 .debug_macro   0x00008581      0x42e Device_Startup/startup_samc21.o
 .debug_macro   0x000089af      0x21c Device_Startup/startup_samc21.o
 .debug_macro   0x00008bcb      0x72d Device_Startup/startup_samc21.o
 .debug_macro   0x000092f8      0x5ab Device_Startup/startup_samc21.o
 .debug_macro   0x000098a3      0x334 Device_Startup/startup_samc21.o
 .debug_macro   0x00009bd7      0x6a9 Device_Startup/startup_samc21.o
 .debug_macro   0x0000a280       0xc4 Device_Startup/startup_samc21.o
 .debug_macro   0x0000a344      0x33f Device_Startup/startup_samc21.o
 .debug_macro   0x0000a683       0x6a Device_Startup/startup_samc21.o
 .debug_macro   0x0000a6ed     0x124a Device_Startup/startup_samc21.o
 .debug_macro   0x0000b937      0x5a4 Device_Startup/startup_samc21.o
 .debug_macro   0x0000bedb      0xfc3 Device_Startup/startup_samc21.o
 .debug_macro   0x0000ce9e      0x59d Device_Startup/startup_samc21.o
 .debug_macro   0x0000d43b      0x3c2 Device_Startup/startup_samc21.o
 .debug_macro   0x0000d7fd      0x8ad Device_Startup/startup_samc21.o
 .debug_macro   0x0000e0aa     0x19bd Device_Startup/startup_samc21.o
 .debug_macro   0x0000fa67      0x39c Device_Startup/startup_samc21.o
 .debug_macro   0x0000fe03      0x369 Device_Startup/startup_samc21.o
 .debug_macro   0x0001016c       0x94 Device_Startup/startup_samc21.o
 .debug_macro   0x00010200       0xac Device_Startup/startup_samc21.o
 .debug_macro   0x000102ac       0xac Device_Startup/startup_samc21.o
 .debug_macro   0x00010358      0x148 Device_Startup/startup_samc21.o
 .debug_macro   0x000104a0      0x148 Device_Startup/startup_samc21.o
 .debug_macro   0x000105e8       0x4c Device_Startup/startup_samc21.o
 .debug_macro   0x00010634       0x58 Device_Startup/startup_samc21.o
 .debug_macro   0x0001068c       0x3a Device_Startup/startup_samc21.o
 .debug_macro   0x000106c6       0xd6 Device_Startup/startup_samc21.o
 .debug_macro   0x0001079c       0xb8 Device_Startup/startup_samc21.o
 .debug_macro   0x00010854       0x64 Device_Startup/startup_samc21.o
 .debug_macro   0x000108b8      0x5e4 Device_Startup/startup_samc21.o
 .debug_macro   0x00010e9c       0x4c Device_Startup/startup_samc21.o
 .debug_macro   0x00010ee8      0x1bd Device_Startup/startup_samc21.o
 .debug_macro   0x000110a5      0x183 Device_Startup/startup_samc21.o
 .debug_macro   0x00011228       0x52 Device_Startup/startup_samc21.o
 .debug_macro   0x0001127a       0xa0 Device_Startup/startup_samc21.o
 .debug_macro   0x0001131a       0xd6 Device_Startup/startup_samc21.o
 .debug_macro   0x000113f0       0x94 Device_Startup/startup_samc21.o
 .debug_macro   0x00011484       0x4c Device_Startup/startup_samc21.o
 .debug_macro   0x000114d0       0x64 Device_Startup/startup_samc21.o
 .debug_macro   0x00011534       0x22 Device_Startup/startup_samc21.o
 .debug_macro   0x00011556      0x16c Device_Startup/startup_samc21.o
 .debug_macro   0x000116c2       0x16 Device_Startup/startup_samc21.o
 .debug_macro   0x000116d8       0xd6 Device_Startup/startup_samc21.o
 .debug_macro   0x000117ae       0xa0 Device_Startup/startup_samc21.o
 .debug_macro   0x0001184e      0x132 Device_Startup/startup_samc21.o
 .debug_macro   0x00011980      0x132 Device_Startup/startup_samc21.o
 .debug_macro   0x00011ab2      0x132 Device_Startup/startup_samc21.o
 .debug_macro   0x00011be4      0x132 Device_Startup/startup_samc21.o
 .debug_macro   0x00011d16      0x132 Device_Startup/startup_samc21.o
 .debug_macro   0x00011e48      0x132 Device_Startup/startup_samc21.o
 .debug_macro   0x00011f7a       0x4c Device_Startup/startup_samc21.o
 .debug_macro   0x00011fc6      0x167 Device_Startup/startup_samc21.o
 .debug_macro   0x0001212d       0xfa Device_Startup/startup_samc21.o
 .debug_macro   0x00012227       0xfa Device_Startup/startup_samc21.o
 .debug_macro   0x00012321       0xfa Device_Startup/startup_samc21.o
 .debug_macro   0x0001241b       0xfa Device_Startup/startup_samc21.o
 .debug_macro   0x00012515       0xfa Device_Startup/startup_samc21.o
 .debug_macro   0x0001260f      0x124 Device_Startup/startup_samc21.o
 .debug_macro   0x00012733       0xfa Device_Startup/startup_samc21.o
 .debug_macro   0x0001282d       0xee Device_Startup/startup_samc21.o
 .debug_macro   0x0001291b       0x76 Device_Startup/startup_samc21.o
 .debug_macro   0x00012991       0x3a Device_Startup/startup_samc21.o
 .debug_macro   0x000129cb      0x4b1 Device_Startup/startup_samc21.o
 .debug_macro   0x00012e7c     0x27e3 Device_Startup/startup_samc21.o
 .debug_macro   0x0001565f       0x82 Device_Startup/startup_samc21.o
 .debug_macro   0x000156e1      0x3b1 Device_Startup/system_samc21.o
 .debug_macro   0x00015a92      0x3b9 I2C.o
 .debug_macro   0x00015e4b      0x970 I2C.o
 .debug_macro   0x000167bb       0x1c I2C.o
 .debug_macro   0x000167d7       0x87 I2C.o
 .debug_macro   0x0001685e      0x49b I2C.o
 .debug_macro   0x00016cf9       0x16 I2C.o
 .debug_macro   0x00016d0f      0x3c7 LCD.o
 .debug_macro   0x000170d6       0x10 LCD.o
 .debug_macro   0x000170e6       0xee LCD.o
 .debug_macro   0x000171d4      0x5fc main.o
 .debug_macro   0x000177d0      0x143 main.o
 .debug_macro   0x00017913       0x10 main.o
 .debug_macro   0x00017923      0x3c3 main.o
 .debug_macro   0x00017ce6       0x10 main.o
 .debug_macro   0x00017cf6       0x58 main.o
 .debug_macro   0x00017d4e       0x35 main.o
 .debug_macro   0x00017d83       0x9c main.o
 .debug_macro   0x00017e1f       0x16 main.o
 .debug_macro   0x00017e35      0x10e main.o
 .debug_macro   0x00017f43       0x94 main.o
 .debug_macro   0x00017fd7       0x58 main.o
 .debug_macro   0x0001802f       0x1f main.o
 .debug_macro   0x0001804e       0x43 main.o
 .debug_macro   0x00018091       0x20 main.o
 .debug_macro   0x000180b1      0x187 main.o
 .debug_macro   0x00018238      0x353 main.o
 .debug_macro   0x0001858b       0x16 main.o
 .debug_macro   0x000185a1       0x29 main.o
 .debug_macro   0x000185ca       0xea main.o
 .debug_macro   0x000186b4       0x1c main.o
 .debug_macro   0x000186d0       0x35 main.o
 .debug_macro   0x00018705       0x10 main.o
 .debug_macro   0x00018715       0x10 main.o
 .debug_macro   0x00018725       0x1c main.o
 .debug_macro   0x00018741       0x52 main.o
 .debug_macro   0x00018793       0x40 main.o
 .debug_macro   0x000187d3       0x10 main.o
 .debug_macro   0x000187e3       0x40 main.o
 .debug_macro   0x00018823       0xd7 main.o
 .debug_macro   0x000188fa       0x16 main.o
 .debug_macro   0x00018910      0x18b main.o
 .debug_macro   0x00018a9b       0x16 main.o
 .debug_macro   0x00018ab1       0xfa main.o
 .debug_macro   0x00018bab       0x16 main.o
 .debug_macro   0x00018bc1      0x3ba PID.o
 .debug_macro   0x00018f7b      0x3ba RTC2.o
 .debug_macro   0x00019335      0x3b9 SPI.o
 .debug_macro   0x000196ee      0x1d6 syscalls.o
 .debug_macro   0x000198c4       0x52 syscalls.o
 .debug_macro   0x00019916       0x8d syscalls.o
 .debug_macro   0x000199a3       0x9c syscalls.o
 .debug_macro   0x00019a3f       0x16 syscalls.o
 .debug_macro   0x00019a55       0x57 syscalls.o
 .debug_macro   0x00019aac       0x97 syscalls.o
 .debug_macro   0x00019b43      0x353 syscalls.o
 .debug_macro   0x00019e96       0xf6 syscalls.o
 .debug_macro   0x00019f8c       0x43 syscalls.o
 .debug_macro   0x00019fcf       0x4c syscalls.o
 .debug_macro   0x0001a01b       0x16 syscalls.o
 .debug_macro   0x0001a031       0x35 syscalls.o
 .debug_macro   0x0001a066       0x10 syscalls.o
 .debug_macro   0x0001a076       0x10 syscalls.o
 .debug_macro   0x0001a086       0x35 syscalls.o
 .debug_macro   0x0001a0bb      0x122 syscalls.o

.debug_line     0x00000000     0x48c2
 .debug_line    0x00000000      0x7b9 Device_Startup/startup_samc21.o
 .debug_line    0x000007b9      0x797 Device_Startup/system_samc21.o
 .debug_line    0x00000f50      0x787 I2C.o
 .debug_line    0x000016d7      0x91c LCD.o
 .debug_line    0x00001ff3      0xe14 main.o
 .debug_line    0x00002e07      0x789 PID.o
 .debug_line    0x00003590      0x78d RTC2.o
 .debug_line    0x00003d1d      0x7ba SPI.o
 .debug_line    0x000044d7      0x3eb syscalls.o

.debug_str      0x00000000    0x8e94c
 .debug_str     0x00000000    0x857cf Device_Startup/startup_samc21.o
                              0x861ea (size before relaxing)
 .debug_str     0x000857cf       0x5c Device_Startup/system_samc21.o
                              0x85e39 (size before relaxing)
 .debug_str     0x0008582b     0x11f0 I2C.o
                              0x87482 (size before relaxing)
 .debug_str     0x00086a1b      0x5ad LCD.o
                              0x8735b (size before relaxing)
 .debug_str     0x00086fc8     0x6eef main.o
                              0x8f141 (size before relaxing)
 .debug_str     0x0008deb7       0x59 PID.o
                              0x862f9 (size before relaxing)
 .debug_str     0x0008df10      0x19e RTC2.o
                              0x8710b (size before relaxing)
 .debug_str     0x0008e0ae       0x12 SPI.o
                              0x87946 (size before relaxing)
 .debug_str     0x0008e0c0      0x88c syscalls.o
                               0x72e1 (size before relaxing)

.debug_frame    0x00000000     0x12f0
 .debug_frame   0x00000000       0x3c Device_Startup/startup_samc21.o
 .debug_frame   0x0000003c       0x30 Device_Startup/system_samc21.o
 .debug_frame   0x0000006c       0x2c I2C.o
 .debug_frame   0x00000098      0x14c LCD.o
 .debug_frame   0x000001e4      0x19c main.o
 .debug_frame   0x00000380       0x3c PID.o
 .debug_frame   0x000003bc       0x28 RTC2.o
 .debug_frame   0x000003e4       0x40 SPI.o
 .debug_frame   0x00000424       0xa0 syscalls.o
 .debug_frame   0x000004c4       0x20 c:/program files (x86)/atmel/studio/7.0/toolchain/arm/arm-gnu-toolchain/bin/../lib/gcc/arm-none-eabi/6.3.1/thumb/v6-m\libgcc.a(_udivsi3.o)
 .debug_frame   0x000004e4       0x20 c:/program files (x86)/atmel/studio/7.0/toolchain/arm/arm-gnu-toolchain/bin/../lib/gcc/arm-none-eabi/6.3.1/thumb/v6-m\libgcc.a(_divsi3.o)
 .debug_frame   0x00000504       0x34 c:/program files (x86)/atmel/studio/7.0/toolchain/arm/arm-gnu-toolchain/bin/../lib/gcc/arm-none-eabi/6.3.1/thumb/v6-m\libgcc.a(addsf3.o)
 .debug_frame   0x00000538       0x3c c:/program files (x86)/atmel/studio/7.0/toolchain/arm/arm-gnu-toolchain/bin/../lib/gcc/arm-none-eabi/6.3.1/thumb/v6-m\libgcc.a(divsf3.o)
 .debug_frame   0x00000574       0x2c c:/program files (x86)/atmel/studio/7.0/toolchain/arm/arm-gnu-toolchain/bin/../lib/gcc/arm-none-eabi/6.3.1/thumb/v6-m\libgcc.a(eqsf2.o)
 .debug_frame   0x000005a0       0x30 c:/program files (x86)/atmel/studio/7.0/toolchain/arm/arm-gnu-toolchain/bin/../lib/gcc/arm-none-eabi/6.3.1/thumb/v6-m\libgcc.a(gesf2.o)
 .debug_frame   0x000005d0       0x30 c:/program files (x86)/atmel/studio/7.0/toolchain/arm/arm-gnu-toolchain/bin/../lib/gcc/arm-none-eabi/6.3.1/thumb/v6-m\libgcc.a(lesf2.o)
 .debug_frame   0x00000600       0x3c c:/program files (x86)/atmel/studio/7.0/toolchain/arm/arm-gnu-toolchain/bin/../lib/gcc/arm-none-eabi/6.3.1/thumb/v6-m\libgcc.a(mulsf3.o)
 .debug_frame   0x0000063c       0x38 c:/program files (x86)/atmel/studio/7.0/toolchain/arm/arm-gnu-toolchain/bin/../lib/gcc/arm-none-eabi/6.3.1/thumb/v6-m\libgcc.a(subsf3.o)
 .debug_frame   0x00000674       0x20 c:/program files (x86)/atmel/studio/7.0/toolchain/arm/arm-gnu-toolchain/bin/../lib/gcc/arm-none-eabi/6.3.1/thumb/v6-m\libgcc.a(fixsfsi.o)
 .debug_frame   0x00000694       0x2c c:/program files (x86)/atmel/studio/7.0/toolchain/arm/arm-gnu-toolchain/bin/../lib/gcc/arm-none-eabi/6.3.1/thumb/v6-m\libgcc.a(floatsisf.o)
 .debug_frame   0x000006c0       0x2c c:/program files (x86)/atmel/studio/7.0/toolchain/arm/arm-gnu-toolchain/bin/../lib/gcc/arm-none-eabi/6.3.1/thumb/v6-m\libgcc.a(extendsfdf2.o)
 .debug_frame   0x000006ec       0x2c c:/program files (x86)/atmel/studio/7.0/toolchain/arm/arm-gnu-toolchain/bin/../lib/gcc/arm-none-eabi/6.3.1/../../../../arm-none-eabi/lib/thumb/v6-m\libc.a(lib_a-init.o)
 .debug_frame   0x00000718       0x30 c:/program files (x86)/atmel/studio/7.0/toolchain/arm/arm-gnu-toolchain/bin/../lib/gcc/arm-none-eabi/6.3.1/../../../../arm-none-eabi/lib/thumb/v6-m\libc.a(lib_a-memset.o)
 .debug_frame   0x00000748       0x50 c:/program files (x86)/atmel/studio/7.0/toolchain/arm/arm-gnu-toolchain/bin/../lib/gcc/arm-none-eabi/6.3.1/../../../../arm-none-eabi/lib/thumb/v6-m\libc.a(lib_a-sprintf.o)
 .debug_frame   0x00000798       0x3c c:/program files (x86)/atmel/studio/7.0/toolchain/arm/arm-gnu-toolchain/bin/../lib/gcc/arm-none-eabi/6.3.1/../../../../arm-none-eabi/lib/thumb/v6-m\libc.a(lib_a-svfprintf.o)
 .debug_frame   0x000007d4       0x54 c:/program files (x86)/atmel/studio/7.0/toolchain/arm/arm-gnu-toolchain/bin/../lib/gcc/arm-none-eabi/6.3.1/../../../../arm-none-eabi/lib/thumb/v6-m\libc.a(lib_a-utoa.o)
 .debug_frame   0x00000828       0x54 c:/program files (x86)/atmel/studio/7.0/toolchain/arm/arm-gnu-toolchain/bin/../lib/gcc/arm-none-eabi/6.3.1/../../../../arm-none-eabi/lib/thumb/v6-m\libc.a(lib_a-__call_atexit.o)
 .debug_frame   0x0000087c       0x28 c:/program files (x86)/atmel/studio/7.0/toolchain/arm/arm-gnu-toolchain/bin/../lib/gcc/arm-none-eabi/6.3.1/../../../../arm-none-eabi/lib/thumb/v6-m\libc.a(lib_a-atexit.o)
 .debug_frame   0x000008a4       0x68 c:/program files (x86)/atmel/studio/7.0/toolchain/arm/arm-gnu-toolchain/bin/../lib/gcc/arm-none-eabi/6.3.1/../../../../arm-none-eabi/lib/thumb/v6-m\libc.a(lib_a-dtoa.o)
 .debug_frame   0x0000090c       0x2c c:/program files (x86)/atmel/studio/7.0/toolchain/arm/arm-gnu-toolchain/bin/../lib/gcc/arm-none-eabi/6.3.1/../../../../arm-none-eabi/lib/thumb/v6-m\libc.a(lib_a-fini.o)
 .debug_frame   0x00000938       0x40 c:/program files (x86)/atmel/studio/7.0/toolchain/arm/arm-gnu-toolchain/bin/../lib/gcc/arm-none-eabi/6.3.1/../../../../arm-none-eabi/lib/thumb/v6-m\libc.a(lib_a-localeconv.o)
 .debug_frame   0x00000978       0xb0 c:/program files (x86)/atmel/studio/7.0/toolchain/arm/arm-gnu-toolchain/bin/../lib/gcc/arm-none-eabi/6.3.1/../../../../arm-none-eabi/lib/thumb/v6-m\libc.a(lib_a-lock.o)
 .debug_frame   0x00000a28       0x3c c:/program files (x86)/atmel/studio/7.0/toolchain/arm/arm-gnu-toolchain/bin/../lib/gcc/arm-none-eabi/6.3.1/../../../../arm-none-eabi/lib/thumb/v6-m\libc.a(lib_a-mallocr.o)
 .debug_frame   0x00000a64       0x2c c:/program files (x86)/atmel/studio/7.0/toolchain/arm/arm-gnu-toolchain/bin/../lib/gcc/arm-none-eabi/6.3.1/../../../../arm-none-eabi/lib/thumb/v6-m\libc.a(lib_a-memchr-stub.o)
 .debug_frame   0x00000a90       0x30 c:/program files (x86)/atmel/studio/7.0/toolchain/arm/arm-gnu-toolchain/bin/../lib/gcc/arm-none-eabi/6.3.1/../../../../arm-none-eabi/lib/thumb/v6-m\libc.a(lib_a-memcpy-stub.o)
 .debug_frame   0x00000ac0       0x40 c:/program files (x86)/atmel/studio/7.0/toolchain/arm/arm-gnu-toolchain/bin/../lib/gcc/arm-none-eabi/6.3.1/../../../../arm-none-eabi/lib/thumb/v6-m\libc.a(lib_a-mlock.o)
 .debug_frame   0x00000b00      0x260 c:/program files (x86)/atmel/studio/7.0/toolchain/arm/arm-gnu-toolchain/bin/../lib/gcc/arm-none-eabi/6.3.1/../../../../arm-none-eabi/lib/thumb/v6-m\libc.a(lib_a-mprec.o)
 .debug_frame   0x00000d60       0x2c c:/program files (x86)/atmel/studio/7.0/toolchain/arm/arm-gnu-toolchain/bin/../lib/gcc/arm-none-eabi/6.3.1/../../../../arm-none-eabi/lib/thumb/v6-m\libc.a(lib_a-sbrkr.o)
 .debug_frame   0x00000d8c       0x28 c:/program files (x86)/atmel/studio/7.0/toolchain/arm/arm-gnu-toolchain/bin/../lib/gcc/arm-none-eabi/6.3.1/../../../../arm-none-eabi/lib/thumb/v6-m\libc.a(lib_a-strlen-stub.o)
 .debug_frame   0x00000db4       0x68 c:/program files (x86)/atmel/studio/7.0/toolchain/arm/arm-gnu-toolchain/bin/../lib/gcc/arm-none-eabi/6.3.1/../../../../arm-none-eabi/lib/thumb/v6-m\libc.a(lib_a-svfiprintf.o)
 .debug_frame   0x00000e1c       0x3c c:/program files (x86)/atmel/studio/7.0/toolchain/arm/arm-gnu-toolchain/bin/../lib/gcc/arm-none-eabi/6.3.1/../../../../arm-none-eabi/lib/thumb/v6-m\libc.a(lib_a-__atexit.o)
 .debug_frame   0x00000e58       0x28 c:/program files (x86)/atmel/studio/7.0/toolchain/arm/arm-gnu-toolchain/bin/../lib/gcc/arm-none-eabi/6.3.1/../../../../arm-none-eabi/lib/thumb/v6-m\libc.a(lib_a-callocr.o)
 .debug_frame   0x00000e80       0x50 c:/program files (x86)/atmel/studio/7.0/toolchain/arm/arm-gnu-toolchain/bin/../lib/gcc/arm-none-eabi/6.3.1/../../../../arm-none-eabi/lib/thumb/v6-m\libc.a(lib_a-freer.o)
 .debug_frame   0x00000ed0       0x74 c:/program files (x86)/atmel/studio/7.0/toolchain/arm/arm-gnu-toolchain/bin/../lib/gcc/arm-none-eabi/6.3.1/../../../../arm-none-eabi/lib/thumb/v6-m\libc.a(lib_a-locale.o)
 .debug_frame   0x00000f44       0x40 c:/program files (x86)/atmel/studio/7.0/toolchain/arm/arm-gnu-toolchain/bin/../lib/gcc/arm-none-eabi/6.3.1/../../../../arm-none-eabi/lib/thumb/v6-m\libc.a(lib_a-mbtowc_r.o)
 .debug_frame   0x00000f84       0x30 c:/program files (x86)/atmel/studio/7.0/toolchain/arm/arm-gnu-toolchain/bin/../lib/gcc/arm-none-eabi/6.3.1/../../../../arm-none-eabi/lib/thumb/v6-m\libc.a(lib_a-memmove.o)
 .debug_frame   0x00000fb4       0x3c c:/program files (x86)/atmel/studio/7.0/toolchain/arm/arm-gnu-toolchain/bin/../lib/gcc/arm-none-eabi/6.3.1/../../../../arm-none-eabi/lib/thumb/v6-m\libc.a(lib_a-reallocr.o)
 .debug_frame   0x00000ff0       0x48 c:/program files (x86)/atmel/studio/7.0/toolchain/arm/arm-gnu-toolchain/bin/../lib/gcc/arm-none-eabi/6.3.1/../../../../arm-none-eabi/lib/thumb/v6-m\libc.a(lib_a-reent.o)
 .debug_frame   0x00001038       0x3c c:/program files (x86)/atmel/studio/7.0/toolchain/arm/arm-gnu-toolchain/bin/../lib/gcc/arm-none-eabi/6.3.1/../../../../arm-none-eabi/lib/thumb/v6-m\libc.a(lib_a-wctomb_r.o)
 .debug_frame   0x00001074       0x3c c:/program files (x86)/atmel/studio/7.0/toolchain/arm/arm-gnu-toolchain/bin/../lib/gcc/arm-none-eabi/6.3.1/thumb/v6-m\libgcc.a(_udivmoddi4.o)
 .debug_frame   0x000010b0       0x3c c:/program files (x86)/atmel/studio/7.0/toolchain/arm/arm-gnu-toolchain/bin/../lib/gcc/arm-none-eabi/6.3.1/thumb/v6-m\libgcc.a(adddf3.o)
 .debug_frame   0x000010ec       0x3c c:/program files (x86)/atmel/studio/7.0/toolchain/arm/arm-gnu-toolchain/bin/../lib/gcc/arm-none-eabi/6.3.1/thumb/v6-m\libgcc.a(divdf3.o)
 .debug_frame   0x00001128       0x38 c:/program files (x86)/atmel/studio/7.0/toolchain/arm/arm-gnu-toolchain/bin/../lib/gcc/arm-none-eabi/6.3.1/thumb/v6-m\libgcc.a(eqdf2.o)
 .debug_frame   0x00001160       0x38 c:/program files (x86)/atmel/studio/7.0/toolchain/arm/arm-gnu-toolchain/bin/../lib/gcc/arm-none-eabi/6.3.1/thumb/v6-m\libgcc.a(gedf2.o)
 .debug_frame   0x00001198       0x38 c:/program files (x86)/atmel/studio/7.0/toolchain/arm/arm-gnu-toolchain/bin/../lib/gcc/arm-none-eabi/6.3.1/thumb/v6-m\libgcc.a(ledf2.o)
 .debug_frame   0x000011d0       0x3c c:/program files (x86)/atmel/studio/7.0/toolchain/arm/arm-gnu-toolchain/bin/../lib/gcc/arm-none-eabi/6.3.1/thumb/v6-m\libgcc.a(muldf3.o)
 .debug_frame   0x0000120c       0x38 c:/program files (x86)/atmel/studio/7.0/toolchain/arm/arm-gnu-toolchain/bin/../lib/gcc/arm-none-eabi/6.3.1/thumb/v6-m\libgcc.a(subdf3.o)
 .debug_frame   0x00001244       0x2c c:/program files (x86)/atmel/studio/7.0/toolchain/arm/arm-gnu-toolchain/bin/../lib/gcc/arm-none-eabi/6.3.1/thumb/v6-m\libgcc.a(unorddf2.o)
 .debug_frame   0x00001270       0x2c c:/program files (x86)/atmel/studio/7.0/toolchain/arm/arm-gnu-toolchain/bin/../lib/gcc/arm-none-eabi/6.3.1/thumb/v6-m\libgcc.a(fixdfsi.o)
 .debug_frame   0x0000129c       0x2c c:/program files (x86)/atmel/studio/7.0/toolchain/arm/arm-gnu-toolchain/bin/../lib/gcc/arm-none-eabi/6.3.1/thumb/v6-m\libgcc.a(floatsidf.o)
 .debug_frame   0x000012c8       0x28 c:/program files (x86)/atmel/studio/7.0/toolchain/arm/arm-gnu-toolchain/bin/../lib/gcc/arm-none-eabi/6.3.1/thumb/v6-m\libgcc.a(floatunsidf.o)
